Archive member included to satisfy reference by file (symbol)

../../libDaisy//build/libdaisy.a(daisy_seed.o)
                              build/Picologue.o (daisy::DaisySeed::GetPin(unsigned char))
../../libDaisy//build/libdaisy.a(codec_ak4556.o)
                              ../../libDaisy//build/libdaisy.a(daisy_seed.o) (daisy::Ak4556::Init(dsy_gpio_pin))
../../libDaisy//build/libdaisy.a(codec_wm8731.o)
                              ../../libDaisy//build/libdaisy.a(daisy_seed.o) (daisy::Wm8731::Init(daisy::Wm8731::Config const&, daisy::I2CHandle))
../../libDaisy//build/libdaisy.a(sdram.o)
                              ../../libDaisy//build/libdaisy.a(daisy_seed.o) (SdramHandle::Init())
../../libDaisy//build/libdaisy.a(audio.o)
                              ../../libDaisy//build/libdaisy.a(daisy_seed.o) (daisy::AudioHandle::Init(daisy::AudioHandle::Config const&, daisy::SaiHandle))
../../libDaisy//build/libdaisy.a(gpio.o)
                              build/Picologue.o (dsy_gpio_init)
../../libDaisy//build/libdaisy.a(i2c.o)
                              ../../libDaisy//build/libdaisy.a(daisy_seed.o) (daisy::I2CHandle::Init(daisy::I2CHandle::Config const&))
../../libDaisy//build/libdaisy.a(qspi.o)
                              ../../libDaisy//build/libdaisy.a(daisy_seed.o) (daisy::QSPIHandle::Init(daisy::QSPIHandle::Config const&))
../../libDaisy//build/libdaisy.a(sai.o)
                              ../../libDaisy//build/libdaisy.a(daisy_seed.o) (daisy::SaiHandle::Init(daisy::SaiHandle::Config const&))
../../libDaisy//build/libdaisy.a(spi.o)
                              build/Picologue.o (daisy::SpiHandle::Init(daisy::SpiHandle::Config const&))
../../libDaisy//build/libdaisy.a(system.o)
                              ../../libDaisy//build/libdaisy.a(daisy_seed.o) (daisy::System::DeInit())
../../libDaisy//build/libdaisy.a(system_stm32h7xx.o)
                              build/startup_stm32h750xx.o (SystemInit)
../../libDaisy//build/libdaisy.a(usbd_conf.o)
                              ../../libDaisy//build/libdaisy.a(system.o) (hpcd_USB_OTG_HS)
../../libDaisy//build/libdaisy.a(usbh_conf.o)
                              ../../libDaisy//build/libdaisy.a(system.o) (hhcd_USB_OTG_HS)
../../libDaisy//build/libdaisy.a(hal_map.o)
                              ../../libDaisy//build/libdaisy.a(gpio.o) (dsy_hal_map_get_port)
../../libDaisy//build/libdaisy.a(oled_fonts.o)
                              build/Menu.o (Font_7x10)
../../libDaisy//build/libdaisy.a(stm32h7xx_hal.o)
                              ../../libDaisy//build/libdaisy.a(system.o) (HAL_Init)
../../libDaisy//build/libdaisy.a(stm32h7xx_hal_cortex.o)
                              ../../libDaisy//build/libdaisy.a(stm32h7xx_hal.o) (HAL_NVIC_SetPriorityGrouping)
../../libDaisy//build/libdaisy.a(stm32h7xx_hal_dma.o)
                              ../../libDaisy//build/libdaisy.a(i2c.o) (HAL_DMA_Init)
../../libDaisy//build/libdaisy.a(stm32h7xx_hal_gpio.o)
                              ../../libDaisy//build/libdaisy.a(sdram.o) (HAL_GPIO_Init)
../../libDaisy//build/libdaisy.a(stm32h7xx_hal_hcd.o)
                              ../../libDaisy//build/libdaisy.a(usbh_conf.o) (HAL_HCD_HC_Init)
../../libDaisy//build/libdaisy.a(stm32h7xx_hal_i2c.o)
                              ../../libDaisy//build/libdaisy.a(i2c.o) (HAL_I2C_Init)
../../libDaisy//build/libdaisy.a(stm32h7xx_hal_i2c_ex.o)
                              ../../libDaisy//build/libdaisy.a(i2c.o) (HAL_I2CEx_ConfigAnalogFilter)
../../libDaisy//build/libdaisy.a(stm32h7xx_hal_pcd.o)
                              ../../libDaisy//build/libdaisy.a(usbd_conf.o) (HAL_PCD_Init)
../../libDaisy//build/libdaisy.a(stm32h7xx_hal_pcd_ex.o)
                              ../../libDaisy//build/libdaisy.a(usbd_conf.o) (HAL_PCDEx_SetTxFiFo)
../../libDaisy//build/libdaisy.a(stm32h7xx_hal_pwr_ex.o)
                              ../../libDaisy//build/libdaisy.a(system.o) (HAL_PWREx_ConfigSupply)
../../libDaisy//build/libdaisy.a(stm32h7xx_hal_qspi.o)
                              ../../libDaisy//build/libdaisy.a(qspi.o) (HAL_QSPI_Init)
../../libDaisy//build/libdaisy.a(stm32h7xx_hal_rcc.o)
                              ../../libDaisy//build/libdaisy.a(system.o) (HAL_RCC_OscConfig)
../../libDaisy//build/libdaisy.a(stm32h7xx_hal_rcc_ex.o)
                              ../../libDaisy//build/libdaisy.a(system.o) (HAL_RCCEx_PeriphCLKConfig)
../../libDaisy//build/libdaisy.a(stm32h7xx_hal_sai.o)
                              ../../libDaisy//build/libdaisy.a(sai.o) (HAL_SAI_InitProtocol)
../../libDaisy//build/libdaisy.a(stm32h7xx_hal_sdram.o)
                              ../../libDaisy//build/libdaisy.a(sdram.o) (HAL_SDRAM_Init)
../../libDaisy//build/libdaisy.a(stm32h7xx_hal_spi.o)
                              ../../libDaisy//build/libdaisy.a(spi.o) (HAL_SPI_Init)
../../libDaisy//build/libdaisy.a(stm32h7xx_ll_fmc.o)
                              ../../libDaisy//build/libdaisy.a(stm32h7xx_hal_sdram.o) (FMC_SDRAM_Init)
[...]
Memory Configuration

Name             Origin             Length             Attributes
FLASH            0x0000000008000000 0x0000000000020000 xr
DTCMRAM          0x0000000020000000 0x0000000000020000 xrw
SRAM             0x0000000024000000 0x0000000000080000 xrw
RAM_D2           0x0000000030000000 0x0000000000048000 xrw
RAM_D3           0x0000000038000000 0x0000000000010000 xrw
ITCMRAM          0x0000000000000000 0x0000000000010000 xrw
SDRAM            0x00000000c0000000 0x0000000004000000 xrw
QSPIFLASH        0x0000000090000000 0x0000000000800000 xr
*default*        0x0000000000000000 0xffffffffffffffff

Linker script and memory map

LOAD /home/vinfernandes/Projects/daisy/gcc-arm/bin/../lib/gcc/arm-none-eabi/10.3.1/thumb/v7e-m+dp/hard/crti.o
LOAD /home/vinfernandes/Projects/daisy/gcc-arm/bin/../lib/gcc/arm-none-eabi/10.3.1/thumb/v7e-m+dp/hard/crtbegin.o
LOAD /home/vinfernandes/Projects/daisy/gcc-arm/bin/../lib/gcc/arm-none-eabi/10.3.1/../../../../arm-none-eabi/lib/thumb/v7e-m+dp/hard/crt0.o
LOAD build/startup_stm32h750xx.o
LOAD build/Picologue.o
LOAD build/Menu.o
LOAD ../../libDaisy//build/libdaisy.a
LOAD /home/vinfernandes/Projects/daisy/gcc-arm/bin/../lib/gcc/arm-none-eabi/10.3.1/../../../../arm-none-eabi/lib/thumb/v7e-m+dp/hard/libnosys.a
LOAD ../../DaisySP//build/libdaisysp.a
LOAD /home/vinfernandes/Projects/daisy/gcc-arm/bin/../lib/gcc/arm-none-eabi/10.3.1/../../../../arm-none-eabi/lib/thumb/v7e-m+dp/hard/libstdc++_nano.a
LOAD /home/vinfernandes/Projects/daisy/gcc-arm/bin/../lib/gcc/arm-none-eabi/10.3.1/../../../../arm-none-eabi/lib/thumb/v7e-m+dp/hard/libm.a
LOAD /home/vinfernandes/Projects/daisy/gcc-arm/bin/../lib/gcc/arm-none-eabi/10.3.1/../../../../arm-none-eabi/lib/thumb/v7e-m+dp/hard/libc_nano.a
START GROUP
LOAD /home/vinfernandes/Projects/daisy/gcc-arm/bin/../lib/gcc/arm-none-eabi/10.3.1/thumb/v7e-m+dp/hard/libgcc.a
LOAD /home/vinfernandes/Projects/daisy/gcc-arm/bin/../lib/gcc/arm-none-eabi/10.3.1/../../../../arm-none-eabi/lib/thumb/v7e-m+dp/hard/libc_nano.a
END GROUP
START GROUP
LOAD /home/vinfernandes/Projects/daisy/gcc-arm/bin/../lib/gcc/arm-none-eabi/10.3.1/thumb/v7e-m+dp/hard/libgcc.a
LOAD /home/vinfernandes/Projects/daisy/gcc-arm/bin/../lib/gcc/arm-none-eabi/10.3.1/../../../../arm-none-eabi/lib/thumb/v7e-m+dp/hard/libc_nano.a
LOAD /home/vinfernandes/Projects/daisy/gcc-arm/bin/../lib/gcc/arm-none-eabi/10.3.1/../../../../arm-none-eabi/lib/thumb/v7e-m+dp/hard/libnosys.a
END GROUP
START GROUP
LOAD /home/vinfernandes/Projects/daisy/gcc-arm/bin/../lib/gcc/arm-none-eabi/10.3.1/thumb/v7e-m+dp/hard/libgcc.a
LOAD /home/vinfernandes/Projects/daisy/gcc-arm/bin/../lib/gcc/arm-none-eabi/10.3.1/../../../../arm-none-eabi/lib/thumb/v7e-m+dp/hard/libc_nano.a
LOAD /home/vinfernandes/Projects/daisy/gcc-arm/bin/../lib/gcc/arm-none-eabi/10.3.1/../../../../arm-none-eabi/lib/thumb/v7e-m+dp/hard/libnosys.a
END GROUP
LOAD /home/vinfernandes/Projects/daisy/gcc-arm/bin/../lib/gcc/arm-none-eabi/10.3.1/thumb/v7e-m+dp/hard/crtend.o
LOAD /home/vinfernandes/Projects/daisy/gcc-arm/bin/../lib/gcc/arm-none-eabi/10.3.1/thumb/v7e-m+dp/hard/crtn.o
                0x0000000020020000                _estack = 0x20020000

.isr_vector     0x0000000008000000      0x298
                0x0000000008000000                . = ALIGN (0x4)
 *(.isr_vector)
 .isr_vector    0x0000000008000000      0x298 build/startup_stm32h750xx.o
                0x0000000008000000                g_pfnVectors
                0x0000000008000298                . = ALIGN (0x4)

.text           0x0000000008000298    0x10ca0
                0x0000000008000298                . = ALIGN (0x4)
                0x0000000008000298                _stext = .
 *(.text)
 .text          0x0000000008000298       0x40 /home/vinfernandes/Projects/daisy/gcc-arm/bin/../lib/gcc/arm-none-eabi/10.3.1/thumb/v7e-m+dp/hard/crtbegin.o
 .text          0x00000000080002d8      0x378 /home/vinfernandes/Projects/daisy/gcc-arm/bin/../lib/gcc/arm-none-eabi/10.3.1/thumb/v7e-m+dp/hard/libgcc.a(_arm_addsubdf3.o)
                0x00000000080002d8                __aeabi_drsub
                0x00000000080002e0                __aeabi_dsub
                0x00000000080002e0                __subdf3
                0x00000000080002e4                __adddf3
                0x00000000080002e4                __aeabi_dadd
                0x000000000800055c                __aeabi_ui2d
                0x000000000800055c                __floatunsidf
                0x000000000800057c                __floatsidf
                0x000000000800057c                __aeabi_i2d
                0x00000000080005a0                __extendsfdf2
                0x00000000080005a0                __aeabi_f2d
                0x00000000080005e4                __aeabi_ul2d
                0x00000000080005e4                __floatundidf
                0x00000000080005f4                __floatdidf
                0x00000000080005f4                __aeabi_l2d
 .text          0x0000000008000650       0x30 /home/vinfernandes/Projects/daisy/gcc-arm/bin/../lib/gcc/arm-none-eabi/10.3.1/thumb/v7e-m+dp/hard/libgcc.a(_aeabi_uldivmod.o)
                0x0000000008000650                __aeabi_uldivmod
 .text          0x0000000008000680      0x2d0 /home/vinfernandes/Projects/daisy/gcc-arm/bin/../lib/gcc/arm-none-eabi/10.3.1/thumb/v7e-m+dp/hard/libgcc.a(_udivmoddi4.o)
                0x0000000008000680                __udivmoddi4
 .text          0x0000000008000950        0x4 /home/vinfernandes/Projects/daisy/gcc-arm/bin/../lib/gcc/arm-none-eabi/10.3.1/thumb/v7e-m+dp/hard/libgcc.a(_dvmd_tls.o)
                0x0000000008000950                __aeabi_ldiv0
                0x0000000008000950                __aeabi_idiv0
 *(.text*)
 .text.Default_Handler
                0x0000000008000954        0x4 build/startup_stm32h750xx.o
                0x0000000008000954                RTC_Alarm_IRQHandler
                0x0000000008000954                HASH_RNG_IRQHandler
                0x0000000008000954                EXTI2_IRQHandler
                0x0000000008000954                TIM8_CC_IRQHandler
                0x0000000008000954                HRTIM1_Master_IRQHandler
                0x0000000008000954                DebugMon_Handler
                0x0000000008000954                TIM1_CC_IRQHandler
                0x0000000008000954                BDMA_Channel6_IRQHandler
                0x0000000008000954                DMA2_Stream5_IRQHandler
                0x0000000008000954                HRTIM1_FLT_IRQHandler
                0x0000000008000954                JPEG_IRQHandler
                0x0000000008000954                BDMA_Channel1_IRQHandler
                0x0000000008000954                HRTIM1_TIMD_IRQHandler
                0x0000000008000954                TAMP_STAMP_IRQHandler
                0x0000000008000954                PendSV_Handler
                0x0000000008000954                NMI_Handler
                0x0000000008000954                EXTI3_IRQHandler
                0x0000000008000954                LPTIM4_IRQHandler
                0x0000000008000954                TIM8_TRG_COM_TIM14_IRQHandler
                0x0000000008000954                LPTIM2_IRQHandler
                0x0000000008000954                DFSDM1_FLT1_IRQHandler
                0x0000000008000954                DMAMUX2_OVR_IRQHandler
                0x0000000008000954                TIM8_UP_TIM13_IRQHandler
                0x0000000008000954                I2C3_ER_IRQHandler
                0x0000000008000954                DFSDM1_FLT2_IRQHandler
                0x0000000008000954                MDMA_IRQHandler
                0x0000000008000954                LPTIM3_IRQHandler
                0x0000000008000954                HSEM1_IRQHandler
                0x0000000008000954                EXTI0_IRQHandler
                0x0000000008000954                DMA1_Stream2_IRQHandler
                0x0000000008000954                FPU_IRQHandler
                0x0000000008000954                OTG_HS_WKUP_IRQHandler
                0x0000000008000954                FDCAN1_IT1_IRQHandler
                0x0000000008000954                UsageFault_Handler
                0x0000000008000954                LTDC_ER_IRQHandler
                0x0000000008000954                HRTIM1_TIME_IRQHandler
                0x0000000008000954                TIM6_DAC_IRQHandler
                0x0000000008000954                DCMI_IRQHandler
                0x0000000008000954                HRTIM1_TIMC_IRQHandler
                0x0000000008000954                SAI2_IRQHandler
                0x0000000008000954                DFSDM1_FLT3_IRQHandler
                0x0000000008000954                TIM17_IRQHandler
                0x0000000008000954                CRYP_IRQHandler
                0x0000000008000954                BDMA_Channel7_IRQHandler
                0x0000000008000954                LPTIM5_IRQHandler
                0x0000000008000954                ADC3_IRQHandler
                0x0000000008000954                DMA2_Stream0_IRQHandler
                0x0000000008000954                BDMA_Channel2_IRQHandler
                0x0000000008000954                DMAMUX1_OVR_IRQHandler
                0x0000000008000954                TIM16_IRQHandler
                0x0000000008000954                BDMA_Channel5_IRQHandler
                0x0000000008000954                RCC_IRQHandler
                0x0000000008000954                TIM8_BRK_TIM12_IRQHandler
                0x0000000008000954                TIM1_TRG_COM_IRQHandler
                0x0000000008000954                Default_Handler
                0x0000000008000954                ECC_IRQHandler
                0x0000000008000954                CEC_IRQHandler
                0x0000000008000954                EXTI15_10_IRQHandler
                0x0000000008000954                BDMA_Channel0_IRQHandler
                0x0000000008000954                ADC_IRQHandler
                0x0000000008000954                DMA1_Stream7_IRQHandler
                0x0000000008000954                HRTIM1_TIMA_IRQHandler
                0x0000000008000954                TIM7_IRQHandler
                0x0000000008000954                SDMMC1_IRQHandler
                0x0000000008000954                DMA2_Stream7_IRQHandler
                0x0000000008000954                TIM15_IRQHandler
                0x0000000008000954                PVD_AVD_IRQHandler
                0x0000000008000954                EXTI9_5_IRQHandler
                0x0000000008000954                RTC_WKUP_IRQHandler
                0x0000000008000954                LTDC_IRQHandler
                0x0000000008000954                SAI3_IRQHandler
                0x0000000008000954                ETH_WKUP_IRQHandler
                0x0000000008000954                SPDIF_RX_IRQHandler
                0x0000000008000954                MemManage_Handler
                0x0000000008000954                SVC_Handler
                0x0000000008000954                CRS_IRQHandler
                0x0000000008000954                EXTI4_IRQHandler
                0x0000000008000954                HRTIM1_TIMB_IRQHandler
                0x0000000008000954                FDCAN2_IT1_IRQHandler
                0x0000000008000954                ETH_IRQHandler
                0x0000000008000954                TIM1_UP_IRQHandler
                0x0000000008000954                BDMA_Channel4_IRQHandler
                0x0000000008000954                WWDG_IRQHandler
                0x0000000008000954                SPI6_IRQHandler
                0x0000000008000954                I2C4_EV_IRQHandler
                0x0000000008000954                MDIOS_IRQHandler
                0x0000000008000954                FDCAN2_IT0_IRQHandler
                0x0000000008000954                FDCAN1_IT0_IRQHandler
                0x0000000008000954                OTG_FS_WKUP_IRQHandler
                0x0000000008000954                DMA2D_IRQHandler
                0x0000000008000954                TIM1_BRK_IRQHandler
                0x0000000008000954                EXTI1_IRQHandler
                0x0000000008000954                SDMMC2_IRQHandler
                0x0000000008000954                OTG_FS_EP1_OUT_IRQHandler
                0x0000000008000954                BDMA_Channel3_IRQHandler
                0x0000000008000954                MDIOS_WKUP_IRQHandler
                0x0000000008000954                DFSDM1_FLT0_IRQHandler
                0x0000000008000954                SAI4_IRQHandler
                0x0000000008000954                I2C2_ER_IRQHandler
                0x0000000008000954                DMA2_Stream1_IRQHandler
                0x0000000008000954                FLASH_IRQHandler
                0x0000000008000954                BusFault_Handler
                0x0000000008000954                OTG_FS_IRQHandler
                0x0000000008000954                WAKEUP_PIN_IRQHandler
                0x0000000008000954                OTG_FS_EP1_IN_IRQHandler
                0x0000000008000954                I2C1_ER_IRQHandler
                0x0000000008000954                FMC_IRQHandler
                0x0000000008000954                FDCAN_CAL_IRQHandler
                0x0000000008000954                SWPMI1_IRQHandler
                0x0000000008000954                COMP1_IRQHandler
                0x0000000008000954                LPTIM1_IRQHandler
                0x0000000008000954                I2C4_ER_IRQHandler
                0x0000000008000954                DMA2_Stream6_IRQHandler
                0x0000000008000954                SAI1_IRQHandler
 .text.Reset_Handler
                0x0000000008000958       0x44 build/startup_stm32h750xx.o
                0x0000000008000958                Reset_Handler
 .text._ZN5daisy9DaisySeedD2Ev
                0x000000000800099c        0x4 build/Picologue.o
                0x000000000800099c                daisy::DaisySeed::~DaisySeed()
                0x000000000800099c                daisy::DaisySeed::~DaisySeed()
 .text._ZN5daisy11OledDisplayINS_13SSD130xDriverILj128ELj64ENS_24SSD130x4WireSpiTransportEEEED2Ev
                0x00000000080009a0        0x4 build/Picologue.o
                0x00000000080009a0                daisy::OledDisplay<daisy::SSD130xDriver<128u, 64u, daisy::SSD130x4WireSpiTransport> >::~OledDisplay()
                0x00000000080009a0                daisy::OledDisplay<daisy::SSD130xDriver<128u, 64u, daisy::SSD130x4WireSpiTransport> >::~OledDisplay()
 .text._ZNK5daisy11OledDisplayINS_13SSD130xDriverILj128ELj64ENS_24SSD130x4WireSpiTransportEEEE6HeightEv
                0x00000000080009a4        0x4 build/Picologue.o
                0x00000000080009a4                daisy::OledDisplay<daisy::SSD130xDriver<128u, 64u, daisy::SSD130x4WireSpiTransport> >::Height() const
 .text._ZNK5daisy11OledDisplayINS_13SSD130xDriverILj128ELj64ENS_24SSD130x4WireSpiTransportEEEE5WidthEv
                0x00000000080009a8        0x4 build/Picologue.o
                0x00000000080009a8                daisy::OledDisplay<daisy::SSD130xDriver<128u, 64u, daisy::SSD130x4WireSpiTransport> >::Width() const
 .text._ZN5daisy11OledDisplayINS_13SSD130xDriverILj128ELj64ENS_24SSD130x4WireSpiTransportEEEE4FillEb
                0x00000000080009ac       0x10 build/Picologue.o
                0x00000000080009ac                daisy::OledDisplay<daisy::SSD130xDriver<128u, 64u, daisy::SSD130x4WireSpiTransport> >::Fill(bool)
 .text._ZN5daisy11OledDisplayINS_13SSD130xDriverILj128ELj64ENS_24SSD130x4WireSpiTransportEEEED0Ev
                0x00000000080009bc       0x10 build/Picologue.o
                0x00000000080009bc                daisy::OledDisplay<daisy::SSD130xDriver<128u, 64u, daisy::SSD130x4WireSpiTransport> >::~OledDisplay()
 .text._ZN5daisy11OledDisplayINS_13SSD130xDriverILj128ELj64ENS_24SSD130x4WireSpiTransportEEEE6UpdateEv
                0x00000000080009cc       0x8c build/Picologue.o
                0x00000000080009cc                daisy::OledDisplay<daisy::SSD130xDriver<128u, 64u, daisy::SSD130x4WireSpiTransport> >::Update()
 .text._ZN5daisy25OneBitGraphicsDisplayImplINS_11OledDisplayINS_13SSD130xDriverILj128ELj64ENS_24SSD130x4WireSpiTransportEEEEEE11WriteStringEPKc7FontDefb
                0x0000000008000a58      0x1c0 build/Picologue.o
                0x0000000008000a58                daisy::OneBitGraphicsDisplayImpl<daisy::OledDisplay<daisy::SSD130xDriver<128u, 64u, daisy::SSD130x4WireSpiTransport> > >::WriteString(char const*, FontDef, bool)
 .text._ZN5daisy25OneBitGraphicsDisplayImplINS_11OledDisplayINS_13SSD130xDriverILj128ELj64ENS_24SSD130x4WireSpiTransportEEEEEE9WriteCharEc7FontDefb
                0x0000000008000c18      0x1a0 build/Picologue.o
                0x0000000008000c18                daisy::OneBitGraphicsDisplayImpl<daisy::OledDisplay<daisy::SSD130xDriver<128u, 64u, daisy::SSD130x4WireSpiTransport> > >::WriteChar(char, FontDef, bool)
 .text._ZN5daisy25OneBitGraphicsDisplayImplINS_11OledDisplayINS_13SSD130xDriverILj128ELj64ENS_24SSD130x4WireSpiTransportEEEEEE18WriteStringAlignedEPKcRK7FontDefNS_9RectangleENS_9AlignmentEb
                0x0000000008000db8      0x3ec build/Picologue.o
                0x0000000008000db8                daisy::OneBitGraphicsDisplayImpl<daisy::OledDisplay<daisy::SSD130xDriver<128u, 64u, daisy::SSD130x4WireSpiTransport> > >::WriteStringAligned(char const*, FontDef const&, daisy::Rectangle, daisy::Alignment, bool)
 .text._ZN5daisy11OledDisplayINS_13SSD130xDriverILj128ELj64ENS_24SSD130x4WireSpiTransportEEEE9DrawPixelEjjb
                0x00000000080011a4       0x44 build/Picologue.o
                0x00000000080011a4                daisy::OledDisplay<daisy::SSD130xDriver<128u, 64u, daisy::SSD130x4WireSpiTransport> >::DrawPixel(unsigned int, unsigned int, bool)
 .text._ZN5daisy25OneBitGraphicsDisplayImplINS_11OledDisplayINS_13SSD130xDriverILj128ELj64ENS_24SSD130x4WireSpiTransportEEEEEE8DrawLineEjjjjb
                0x00000000080011e8       0xfc build/Picologue.o
                0x00000000080011e8                daisy::OneBitGraphicsDisplayImpl<daisy::OledDisplay<daisy::SSD130xDriver<128u, 64u, daisy::SSD130x4WireSpiTransport> > >::DrawLine(unsigned int, unsigned int, unsigned int, unsigned int, bool)
 *fill*         0x00000000080012e4        0x4 
 .text._ZN5daisy25OneBitGraphicsDisplayImplINS_11OledDisplayINS_13SSD130xDriverILj128ELj64ENS_24SSD130x4WireSpiTransportEEEEEE7DrawArcEjjjiib
                0x00000000080012e8      0x478 build/Picologue.o
                0x00000000080012e8                daisy::OneBitGraphicsDisplayImpl<daisy::OledDisplay<daisy::SSD130xDriver<128u, 64u, daisy::SSD130x4WireSpiTransport> > >::DrawArc(unsigned int, unsigned int, unsigned int, int, int, bool)
 .text._ZN5daisy25OneBitGraphicsDisplayImplINS_11OledDisplayINS_13SSD130xDriverILj128ELj64ENS_24SSD130x4WireSpiTransportEEEEEE8DrawRectEjjjjbb
                0x0000000008001760      0x418 build/Picologue.o
                0x0000000008001760                daisy::OneBitGraphicsDisplayImpl<daisy::OledDisplay<daisy::SSD130xDriver<128u, 64u, daisy::SSD130x4WireSpiTransport> > >::DrawRect(unsigned int, unsigned int, unsigned int, unsigned int, bool, bool)
 .text._ZN5daisy13SSD130xDriverILj128ELj64ENS_24SSD130x4WireSpiTransportEE4InitENS2_6ConfigE
                0x0000000008001b78      0x2ec build/Picologue.o
                0x0000000008001b78                daisy::SSD130xDriver<128u, 64u, daisy::SSD130x4WireSpiTransport>::Init(daisy::SSD130xDriver<128u, 64u, daisy::SSD130x4WireSpiTransport>::Config)
 .text.startup.main
                0x0000000008001e64       0xa8 build/Picologue.o
                0x0000000008001e64                main
 .text.startup._GLOBAL__sub_I_hw
                0x0000000008001f0c       0x40 build/Picologue.o
 .text._ZN4Menu8drawMenuEv
                0x0000000008001f4c      0x150 build/Menu.o
                0x0000000008001f4c                Menu::drawMenu()
 .text._ZN5daisy9DaisySeed6GetPinEh
                0x000000000800209c       0x2c ../../libDaisy//build/libdaisy.a(daisy_seed.o)
                0x000000000800209c                daisy::DaisySeed::GetPin(unsigned char)
 .text._ZN5daisy9DaisySeed14ConfigureAudioEv
                0x00000000080020c8       0xd0 ../../libDaisy//build/libdaisy.a(daisy_seed.o)
                0x00000000080020c8                daisy::DaisySeed::ConfigureAudio()
 .text._ZN5daisy9DaisySeed4InitEb
                0x0000000008002198       0xf0 ../../libDaisy//build/libdaisy.a(daisy_seed.o)
                0x0000000008002198                daisy::DaisySeed::Init(bool)
 .text._ZN5daisy6Ak45564InitE12dsy_gpio_pin
                0x0000000008002288       0x44 ../../libDaisy//build/libdaisy.a(codec_ak4556.o)
                0x0000000008002288                daisy::Ak4556::Init(dsy_gpio_pin)
 .text._ZN5daisy6Wm873120WriteControlRegisterEht
                0x00000000080022cc       0x3c ../../libDaisy//build/libdaisy.a(codec_wm8731.o)
                0x00000000080022cc                daisy::Wm8731::WriteControlRegister(unsigned char, unsigned short)
 .text._ZN5daisy6Wm87314InitERKNS0_6ConfigENS_9I2CHandleE
                0x0000000008002308      0x1bc ../../libDaisy//build/libdaisy.a(codec_wm8731.o)
                0x0000000008002308                daisy::Wm8731::Init(daisy::Wm8731::Config const&, daisy::I2CHandle)
 .text._ZN11SdramHandle10DeviceInitEv
                0x00000000080024c4       0x98 ../../libDaisy//build/libdaisy.a(sdram.o)
                0x00000000080024c4                SdramHandle::DeviceInit()
 .text._ZN11SdramHandle4InitEv
                0x000000000800255c       0x7c ../../libDaisy//build/libdaisy.a(sdram.o)
                0x000000000800255c                SdramHandle::Init()
 .text.HAL_SDRAM_MspInit
                0x00000000080025d8      0x1a8 ../../libDaisy//build/libdaisy.a(sdram.o)
                0x00000000080025d8                HAL_SDRAM_MspInit
 .text._ZN5daisy11AudioHandle4InitERKNS0_6ConfigENS_9SaiHandleE
                0x0000000008002780       0x70 ../../libDaisy//build/libdaisy.a(audio.o)
                0x0000000008002780                daisy::AudioHandle::Init(daisy::AudioHandle::Config const&, daisy::SaiHandle)
 .text._ZNK5daisy11AudioHandle9GetConfigEv
                0x00000000080027f0        0x8 ../../libDaisy//build/libdaisy.a(audio.o)
                0x00000000080027f0                daisy::AudioHandle::GetConfig() const
 .text._ZN5daisy11AudioHandle13GetSampleRateEv
                0x00000000080027f8        0x8 ../../libDaisy//build/libdaisy.a(audio.o)
                0x00000000080027f8                daisy::AudioHandle::GetSampleRate()
 .text.startup._GLOBAL__sub_I__ZN5daisy11AudioHandle4Impl4InitENS0_6ConfigENS_9SaiHandleE
                0x0000000008002800       0x24 ../../libDaisy//build/libdaisy.a(audio.o)
 .text.dsy_gpio_init
                0x0000000008002824      0x1b8 ../../libDaisy//build/libdaisy.a(gpio.o)
                0x0000000008002824                dsy_gpio_init
 .text.dsy_gpio_read
                0x00000000080029dc       0x1c ../../libDaisy//build/libdaisy.a(gpio.o)
                0x00000000080029dc                dsy_gpio_read
 .text.dsy_gpio_write
                0x00000000080029f8       0x24 ../../libDaisy//build/libdaisy.a(gpio.o)
                0x00000000080029f8                dsy_gpio_write
 .text._ZN5daisy9I2CHandle4Impl8InitPinsEv
                0x0000000008002a1c       0x58 ../../libDaisy//build/libdaisy.a(i2c.o)
                0x0000000008002a1c                daisy::I2CHandle::Impl::InitPins()
 .text.HAL_I2C_MspInit
                0x0000000008002a74      0x1b4 ../../libDaisy//build/libdaisy.a(i2c.o)
                0x0000000008002a74                HAL_I2C_MspInit
 .text.dsy_i2c_global_init
                0x0000000008002c28       0x78 ../../libDaisy//build/libdaisy.a(i2c.o)
                0x0000000008002c28                dsy_i2c_global_init
 .text.DMA1_Stream6_IRQHandler
                0x0000000008002ca0       0x34 ../../libDaisy//build/libdaisy.a(i2c.o)
                0x0000000008002ca0                DMA1_Stream6_IRQHandler
 .text.I2C1_EV_IRQHandler
                0x0000000008002cd4        0xc ../../libDaisy//build/libdaisy.a(i2c.o)
                0x0000000008002cd4                I2C1_EV_IRQHandler
 .text.I2C2_EV_IRQHandler
                0x0000000008002ce0        0xc ../../libDaisy//build/libdaisy.a(i2c.o)
                0x0000000008002ce0                I2C2_EV_IRQHandler
 .text.I2C3_EV_IRQHandler
                0x0000000008002cec        0xc ../../libDaisy//build/libdaisy.a(i2c.o)
                0x0000000008002cec                I2C3_EV_IRQHandler
 .text._ZN5daisy9I2CHandle4InitERKNS0_6ConfigE
                0x0000000008002cf8      0x12c ../../libDaisy//build/libdaisy.a(i2c.o)
                0x0000000008002cf8                daisy::I2CHandle::Init(daisy::I2CHandle::Config const&)
 .text._ZN5daisy9I2CHandle16TransmitBlockingEtPhtm
                0x0000000008002e24       0x50 ../../libDaisy//build/libdaisy.a(i2c.o)
                0x0000000008002e24                daisy::I2CHandle::TransmitBlocking(unsigned short, unsigned char*, unsigned short, unsigned long)
 .text.startup._GLOBAL__sub_I__ZN5daisy9I2CHandle4Impl10GlobalInitEv
                0x0000000008002e74       0x18 ../../libDaisy//build/libdaisy.a(i2c.o)
 .text._ZN5daisy10QSPIHandle4Impl11WriteEnableEv
                0x0000000008002e8c       0x8c ../../libDaisy//build/libdaisy.a(qspi.o)
                0x0000000008002e8c                daisy::QSPIHandle::Impl::WriteEnable()
 .text._ZN5daisy10QSPIHandle4Impl17DummyCyclesConfigENS0_6Config6DeviceE
                0x0000000008002f18      0x118 ../../libDaisy//build/libdaisy.a(qspi.o)
                0x0000000008002f18                daisy::QSPIHandle::Impl::DummyCyclesConfig(daisy::QSPIHandle::Config::Device)
 .text._ZN5daisy10QSPIHandle4Impl10QuadEnableEv
                0x0000000008003030      0x158 ../../libDaisy//build/libdaisy.a(qspi.o)
                0x0000000008003030                daisy::QSPIHandle::Impl::QuadEnable()
 .text._ZN5daisy10QSPIHandle4InitERKNS0_6ConfigE
                0x0000000008003188      0x198 ../../libDaisy//build/libdaisy.a(qspi.o)
                0x0000000008003188                daisy::QSPIHandle::Init(daisy::QSPIHandle::Config const&)
 .text.HAL_QSPI_MspInit
                0x0000000008003320      0x11c ../../libDaisy//build/libdaisy.a(qspi.o)
                0x0000000008003320                HAL_QSPI_MspInit
 .text.HAL_QSPI_MspDeInit
                0x000000000800343c       0x54 ../../libDaisy//build/libdaisy.a(qspi.o)
                0x000000000800343c                HAL_QSPI_MspDeInit
 .text.QUADSPI_IRQHandler
                0x0000000008003490        0xc ../../libDaisy//build/libdaisy.a(qspi.o)
                0x0000000008003490                QUADSPI_IRQHandler
 .text.startup._GLOBAL__sub_I__ZN5daisy10QSPIHandle4Impl4InitERKNS0_6ConfigE
                0x000000000800349c       0x28 ../../libDaisy//build/libdaisy.a(qspi.o)
 .text._ZN5daisy9SaiHandle4Impl7InitDmaENS1_15PeripheralBlockE
                0x00000000080034c4       0xa0 ../../libDaisy//build/libdaisy.a(sai.o)
                0x00000000080034c4                daisy::SaiHandle::Impl::InitDma(daisy::SaiHandle::Impl::PeripheralBlock)
 .text._ZN5daisy9SaiHandle4Impl8InitPinsEv
                0x0000000008003564       0xa8 ../../libDaisy//build/libdaisy.a(sai.o)
                0x0000000008003564                daisy::SaiHandle::Impl::InitPins()
 .text.HAL_SAI_MspInit
                0x000000000800360c      0x164 ../../libDaisy//build/libdaisy.a(sai.o)
                0x000000000800360c                HAL_SAI_MspInit
 .text.DMA1_Stream0_IRQHandler
                0x0000000008003770        0xc ../../libDaisy//build/libdaisy.a(sai.o)
                0x0000000008003770                DMA1_Stream0_IRQHandler
 .text.DMA1_Stream1_IRQHandler
                0x000000000800377c        0xc ../../libDaisy//build/libdaisy.a(sai.o)
                0x000000000800377c                DMA1_Stream1_IRQHandler
 .text.DMA1_Stream3_IRQHandler
                0x0000000008003788        0xc ../../libDaisy//build/libdaisy.a(sai.o)
                0x0000000008003788                DMA1_Stream3_IRQHandler
 .text.DMA1_Stream4_IRQHandler
                0x0000000008003794        0xc ../../libDaisy//build/libdaisy.a(sai.o)
                0x0000000008003794                DMA1_Stream4_IRQHandler
 .text._ZN5daisy9SaiHandle4InitERKNS0_6ConfigE
                0x00000000080037a0      0x1f0 ../../libDaisy//build/libdaisy.a(sai.o)
                0x00000000080037a0                daisy::SaiHandle::Init(daisy::SaiHandle::Config const&)
 .text._ZNK5daisy9SaiHandle9GetConfigEv
                0x0000000008003990        0x4 ../../libDaisy//build/libdaisy.a(sai.o)
                0x0000000008003990                daisy::SaiHandle::GetConfig() const
 .text._ZN5daisy9SaiHandle13GetSampleRateEv
                0x0000000008003994       0x24 ../../libDaisy//build/libdaisy.a(sai.o)
                0x0000000008003994                daisy::SaiHandle::GetSampleRate()
 .text._ZN5daisy9SpiHandle4Impl7InitDmaEv
                0x00000000080039b8       0xec ../../libDaisy//build/libdaisy.a(spi.o)
                0x00000000080039b8                daisy::SpiHandle::Impl::InitDma()
 .text._ZN5daisy9SpiHandle4Impl10StartDmaTxEPhjPFvPvEPFvS3_NS0_6ResultEES3_
                0x0000000008003aa4       0xc8 ../../libDaisy//build/libdaisy.a(spi.o)
                0x0000000008003aa4                daisy::SpiHandle::Impl::StartDmaTx(unsigned char*, unsigned int, void (*)(void*), void (*)(void*, daisy::SpiHandle::Result), void*)
 .text._ZN5daisy9SpiHandle4Impl10StartDmaRxEPhjPFvPvEPFvS3_NS0_6ResultEES3_
                0x0000000008003b6c       0xc8 ../../libDaisy//build/libdaisy.a(spi.o)
                0x0000000008003b6c                daisy::SpiHandle::Impl::StartDmaRx(unsigned char*, unsigned int, void (*)(void*), void (*)(void*, daisy::SpiHandle::Result), void*)
 .text._ZN5daisy9SpiHandle4Impl12StartDmaRxTxEPhS2_jPFvPvEPFvS3_NS0_6ResultEES3_
                0x0000000008003c34       0xcc ../../libDaisy//build/libdaisy.a(spi.o)
                0x0000000008003c34                daisy::SpiHandle::Impl::StartDmaRxTx(unsigned char*, unsigned char*, unsigned int, void (*)(void*), void (*)(void*, daisy::SpiHandle::Result), void*)
 .text._ZN5daisy9SpiHandle4Impl8InitPinsEv
                0x0000000008003d00      0x274 ../../libDaisy//build/libdaisy.a(spi.o)
                0x0000000008003d00                daisy::SpiHandle::Impl::InitPins()
 .text.HAL_SPI_MspInit
                0x0000000008003f74      0x1a8 ../../libDaisy//build/libdaisy.a(spi.o)
                0x0000000008003f74                HAL_SPI_MspInit
 .text.dsy_spi_global_init
                0x000000000800411c       0x80 ../../libDaisy//build/libdaisy.a(spi.o)
                0x000000000800411c                dsy_spi_global_init
 .text.SPI1_IRQHandler
                0x000000000800419c        0xc ../../libDaisy//build/libdaisy.a(spi.o)
                0x000000000800419c                SPI1_IRQHandler
 .text.SPI2_IRQHandler
                0x00000000080041a8        0xc ../../libDaisy//build/libdaisy.a(spi.o)
                0x00000000080041a8                SPI2_IRQHandler
 .text.SPI3_IRQHandler
                0x00000000080041b4        0xc ../../libDaisy//build/libdaisy.a(spi.o)
                0x00000000080041b4                SPI3_IRQHandler
 .text.SPI4_IRQHandler
                0x00000000080041c0        0xc ../../libDaisy//build/libdaisy.a(spi.o)
                0x00000000080041c0                SPI4_IRQHandler
 .text.SPI5_IRQHandler
                0x00000000080041cc        0xc ../../libDaisy//build/libdaisy.a(spi.o)
                0x00000000080041cc                SPI5_IRQHandler
 .text.DMA2_Stream2_IRQHandler
                0x00000000080041d8       0x34 ../../libDaisy//build/libdaisy.a(spi.o)
                0x00000000080041d8                DMA2_Stream2_IRQHandler
 .text.DMA2_Stream3_IRQHandler
                0x000000000800420c       0x38 ../../libDaisy//build/libdaisy.a(spi.o)
                0x000000000800420c                DMA2_Stream3_IRQHandler
 .text.HAL_SPI_TxCpltCallback
                0x0000000008004244       0xc4 ../../libDaisy//build/libdaisy.a(spi.o)
                0x0000000008004244                HAL_SPI_TxCpltCallback
 .text.HAL_SPI_RxCpltCallback
                0x0000000008004308       0xc4 ../../libDaisy//build/libdaisy.a(spi.o)
                0x0000000008004308                HAL_SPI_RxCpltCallback
 .text.HAL_SPI_TxRxCpltCallback
                0x00000000080043cc       0xc4 ../../libDaisy//build/libdaisy.a(spi.o)
                0x00000000080043cc                HAL_SPI_TxRxCpltCallback
 .text.HAL_SPI_ErrorCallback
                0x0000000008004490       0xc8 ../../libDaisy//build/libdaisy.a(spi.o)
                0x0000000008004490                HAL_SPI_ErrorCallback
 .text._ZN5daisy9SpiHandle4InitERKNS0_6ConfigE
                0x0000000008004558      0x10c ../../libDaisy//build/libdaisy.a(spi.o)
                0x0000000008004558                daisy::SpiHandle::Init(daisy::SpiHandle::Config const&)
 .text._ZN5daisy9SpiHandle16BlockingTransmitEPhjm
                0x0000000008004664       0x14 ../../libDaisy//build/libdaisy.a(spi.o)
                0x0000000008004664                daisy::SpiHandle::BlockingTransmit(unsigned char*, unsigned int, unsigned long)
 .text.startup._GLOBAL__sub_I__Z19MapInstanceToHandleP11SPI_TypeDef
                0x0000000008004678      0x1b0 ../../libDaisy//build/libdaisy.a(spi.o)
 .text._ZN5daisy11TimerHandleD2Ev
                0x0000000008004828        0x4 ../../libDaisy//build/libdaisy.a(system.o)
                0x0000000008004828                daisy::TimerHandle::~TimerHandle()
                0x0000000008004828                daisy::TimerHandle::~TimerHandle()
 .text.SysTick_Handler
                0x000000000800482c       0x10 ../../libDaisy//build/libdaisy.a(system.o)
                0x000000000800482c                SysTick_Handler
 .text.OTG_HS_EP1_OUT_IRQHandler
                0x000000000800483c       0x24 ../../libDaisy//build/libdaisy.a(system.o)
                0x000000000800483c                OTG_HS_EP1_OUT_IRQHandler
 .text.OTG_HS_EP1_IN_IRQHandler
                0x0000000008004860       0x24 ../../libDaisy//build/libdaisy.a(system.o)
                0x0000000008004860                OTG_HS_EP1_IN_IRQHandler
 .text.OTG_HS_IRQHandler
                0x0000000008004884       0x24 ../../libDaisy//build/libdaisy.a(system.o)
                0x0000000008004884                OTG_HS_IRQHandler
 .text.HardFault_Handler
                0x00000000080048a8       0xe0 ../../libDaisy//build/libdaisy.a(system.o)
                0x00000000080048a8                HardFault_Handler
 .text._ZN5daisy6System5DelayEm
                0x0000000008004988        0x4 ../../libDaisy//build/libdaisy.a(system.o)
                0x0000000008004988                daisy::System::Delay(unsigned long)
 .text._ZN5daisy6System15ConfigureClocksEv
                0x000000000800498c      0x194 ../../libDaisy//build/libdaisy.a(system.o)
                0x000000000800498c                daisy::System::ConfigureClocks()
 .text._ZN5daisy6System4InitERKNS0_6ConfigE
                0x0000000008004b20      0x140 ../../libDaisy//build/libdaisy.a(system.o)
                0x0000000008004b20                daisy::System::Init(daisy::System::Config const&)
 .text._ZN5daisy6System12GetPClk1FreqEv
                0x0000000008004c60        0x4 ../../libDaisy//build/libdaisy.a(system.o)
                0x0000000008004c60                daisy::System::GetPClk1Freq()
 .text._ZN5daisy6System22GetProgramMemoryRegionEv
                0x0000000008004c64       0x78 ../../libDaisy//build/libdaisy.a(system.o)
                0x0000000008004c64                daisy::System::GetProgramMemoryRegion()
 .text.startup._GLOBAL__sub_I_SysTick_Handler
                0x0000000008004cdc       0x1c ../../libDaisy//build/libdaisy.a(system.o)
 .text.SystemInit
                0x0000000008004cf8       0x9c ../../libDaisy//build/libdaisy.a(system_stm32h7xx.o)
                0x0000000008004cf8                SystemInit
 .text.HAL_PCD_SetupStageCallback
                0x0000000008004d94        0xc ../../libDaisy//build/libdaisy.a(usbd_conf.o)
                0x0000000008004d94                HAL_PCD_SetupStageCallback
 .text.HAL_PCD_DataOutStageCallback
                0x0000000008004da0       0x14 ../../libDaisy//build/libdaisy.a(usbd_conf.o)
                0x0000000008004da0                HAL_PCD_DataOutStageCallback
 .text.HAL_PCD_DataInStageCallback
                0x0000000008004db4       0x14 ../../libDaisy//build/libdaisy.a(usbd_conf.o)
                0x0000000008004db4                HAL_PCD_DataInStageCallback
 .text.HAL_PCD_SOFCallback
                0x0000000008004dc8        0x8 ../../libDaisy//build/libdaisy.a(usbd_conf.o)
                0x0000000008004dc8                HAL_PCD_SOFCallback
 .text.HAL_PCD_ResetCallback
                0x0000000008004dd0       0x24 ../../libDaisy//build/libdaisy.a(usbd_conf.o)
                0x0000000008004dd0                HAL_PCD_ResetCallback
 .text.HAL_PCD_SuspendCallback
                0x0000000008004df4       0x30 ../../libDaisy//build/libdaisy.a(usbd_conf.o)
                0x0000000008004df4                HAL_PCD_SuspendCallback
 .text.HAL_PCD_ResumeCallback
                0x0000000008004e24        0x8 ../../libDaisy//build/libdaisy.a(usbd_conf.o)
                0x0000000008004e24                HAL_PCD_ResumeCallback
 .text.HAL_PCD_ISOOUTIncompleteCallback
                0x0000000008004e2c        0x8 ../../libDaisy//build/libdaisy.a(usbd_conf.o)
                0x0000000008004e2c                HAL_PCD_ISOOUTIncompleteCallback
 .text.HAL_PCD_ISOINIncompleteCallback
                0x0000000008004e34        0x8 ../../libDaisy//build/libdaisy.a(usbd_conf.o)
                0x0000000008004e34                HAL_PCD_ISOINIncompleteCallback
 .text.HAL_PCD_ConnectCallback
                0x0000000008004e3c        0x8 ../../libDaisy//build/libdaisy.a(usbd_conf.o)
                0x0000000008004e3c                HAL_PCD_ConnectCallback
 .text.HAL_PCD_DisconnectCallback
                0x0000000008004e44        0x8 ../../libDaisy//build/libdaisy.a(usbd_conf.o)
                0x0000000008004e44                HAL_PCD_DisconnectCallback
 .text.USBD_LL_OpenEP
                0x0000000008004e4c       0x24 ../../libDaisy//build/libdaisy.a(usbd_conf.o)
                0x0000000008004e4c                USBD_LL_OpenEP
 .text.USBD_LL_StallEP
                0x0000000008004e70       0x1c ../../libDaisy//build/libdaisy.a(usbd_conf.o)
                0x0000000008004e70                USBD_LL_StallEP
 .text.USBD_LL_ClearStallEP
                0x0000000008004e8c       0x1c ../../libDaisy//build/libdaisy.a(usbd_conf.o)
                0x0000000008004e8c                USBD_LL_ClearStallEP
 .text.USBD_LL_IsStallEP
                0x0000000008004ea8       0x28 ../../libDaisy//build/libdaisy.a(usbd_conf.o)
                0x0000000008004ea8                USBD_LL_IsStallEP
 .text.USBD_LL_SetUSBAddress
                0x0000000008004ed0       0x1c ../../libDaisy//build/libdaisy.a(usbd_conf.o)
                0x0000000008004ed0                USBD_LL_SetUSBAddress
 .text.USBD_LL_Transmit
                0x0000000008004eec       0x1c ../../libDaisy//build/libdaisy.a(usbd_conf.o)
                0x0000000008004eec                USBD_LL_Transmit
 .text.USBD_LL_PrepareReceive
                0x0000000008004f08       0x1c ../../libDaisy//build/libdaisy.a(usbd_conf.o)
                0x0000000008004f08                USBD_LL_PrepareReceive
 .text.HAL_HCD_SOF_Callback
                0x0000000008004f24        0x8 ../../libDaisy//build/libdaisy.a(usbh_conf.o)
                0x0000000008004f24                HAL_HCD_SOF_Callback
 .text.HAL_HCD_Connect_Callback
                0x0000000008004f2c        0x8 ../../libDaisy//build/libdaisy.a(usbh_conf.o)
                0x0000000008004f2c                HAL_HCD_Connect_Callback
 .text.HAL_HCD_Disconnect_Callback
                0x0000000008004f34        0x8 ../../libDaisy//build/libdaisy.a(usbh_conf.o)
                0x0000000008004f34                HAL_HCD_Disconnect_Callback
 .text.HAL_HCD_HC_NotifyURBChange_Callback
                0x0000000008004f3c        0x4 ../../libDaisy//build/libdaisy.a(usbh_conf.o)
                0x0000000008004f3c                HAL_HCD_HC_NotifyURBChange_Callback
 .text.HAL_HCD_PortEnabled_Callback
                0x0000000008004f40        0x8 ../../libDaisy//build/libdaisy.a(usbh_conf.o)
                0x0000000008004f40                HAL_HCD_PortEnabled_Callback
 .text.HAL_HCD_PortDisabled_Callback
                0x0000000008004f48        0x8 ../../libDaisy//build/libdaisy.a(usbh_conf.o)
                0x0000000008004f48                HAL_HCD_PortDisabled_Callback
 .text.USBH_LL_Stop
                0x0000000008004f50       0x1c ../../libDaisy//build/libdaisy.a(usbh_conf.o)
                0x0000000008004f50                USBH_LL_Stop
 .text.dsy_hal_map_get_port
                0x0000000008004f6c       0x10 ../../libDaisy//build/libdaisy.a(hal_map.o)
                0x0000000008004f6c                dsy_hal_map_get_port
 .text.dsy_hal_map_get_pin
                0x0000000008004f7c       0x10 ../../libDaisy//build/libdaisy.a(hal_map.o)
                0x0000000008004f7c                dsy_hal_map_get_pin
 .text.dsy_hal_map_gpio_clk_enable
                0x0000000008004f8c      0x150 ../../libDaisy//build/libdaisy.a(hal_map.o)
                0x0000000008004f8c                dsy_hal_map_gpio_clk_enable
 .text.HAL_MspInit
                0x00000000080050dc        0x4 ../../libDaisy//build/libdaisy.a(stm32h7xx_hal.o)
                0x00000000080050dc                HAL_MspInit
 .text.HAL_InitTick
                0x00000000080050e0       0x4c ../../libDaisy//build/libdaisy.a(stm32h7xx_hal.o)
                0x00000000080050e0                HAL_InitTick
 .text.HAL_Init
                0x000000000800512c       0x60 ../../libDaisy//build/libdaisy.a(stm32h7xx_hal.o)
                0x000000000800512c                HAL_Init
 .text.HAL_IncTick
                0x000000000800518c       0x18 ../../libDaisy//build/libdaisy.a(stm32h7xx_hal.o)
                0x000000000800518c                HAL_IncTick
 .text.HAL_GetTick
                0x00000000080051a4        0xc ../../libDaisy//build/libdaisy.a(stm32h7xx_hal.o)
                0x00000000080051a4                HAL_GetTick
 .text.HAL_Delay
                0x00000000080051b0       0x24 ../../libDaisy//build/libdaisy.a(stm32h7xx_hal.o)
                0x00000000080051b0                HAL_Delay
 .text.HAL_GetREVID
                0x00000000080051d4        0xc ../../libDaisy//build/libdaisy.a(stm32h7xx_hal.o)
                0x00000000080051d4                HAL_GetREVID
 .text.HAL_NVIC_SetPriorityGrouping
                0x00000000080051e0       0x24 ../../libDaisy//build/libdaisy.a(stm32h7xx_hal_cortex.o)
                0x00000000080051e0                HAL_NVIC_SetPriorityGrouping
 .text.HAL_NVIC_SetPriority
                0x0000000008005204       0x7c ../../libDaisy//build/libdaisy.a(stm32h7xx_hal_cortex.o)
                0x0000000008005204                HAL_NVIC_SetPriority
 .text.HAL_NVIC_EnableIRQ
                0x0000000008005280       0x1c ../../libDaisy//build/libdaisy.a(stm32h7xx_hal_cortex.o)
                0x0000000008005280                HAL_NVIC_EnableIRQ
 .text.HAL_NVIC_DisableIRQ
                0x000000000800529c       0x28 ../../libDaisy//build/libdaisy.a(stm32h7xx_hal_cortex.o)
                0x000000000800529c                HAL_NVIC_DisableIRQ
 .text.HAL_SYSTICK_Config
                0x00000000080052c4       0x2c ../../libDaisy//build/libdaisy.a(stm32h7xx_hal_cortex.o)
                0x00000000080052c4                HAL_SYSTICK_Config
 .text.HAL_MPU_Disable
                0x00000000080052f0       0x1c ../../libDaisy//build/libdaisy.a(stm32h7xx_hal_cortex.o)
                0x00000000080052f0                HAL_MPU_Disable
 .text.HAL_MPU_Enable
                0x000000000800530c       0x20 ../../libDaisy//build/libdaisy.a(stm32h7xx_hal_cortex.o)
                0x000000000800530c                HAL_MPU_Enable
 .text.HAL_MPU_ConfigRegion
                0x000000000800532c       0x64 ../../libDaisy//build/libdaisy.a(stm32h7xx_hal_cortex.o)
                0x000000000800532c                HAL_MPU_ConfigRegion
 .text.HAL_SYSTICK_Callback
                0x0000000008005390        0x4 ../../libDaisy//build/libdaisy.a(stm32h7xx_hal_cortex.o)
                0x0000000008005390                HAL_SYSTICK_Callback
 .text.HAL_SYSTICK_IRQHandler
                0x0000000008005394        0x8 ../../libDaisy//build/libdaisy.a(stm32h7xx_hal_cortex.o)
                0x0000000008005394                HAL_SYSTICK_IRQHandler
 .text.DMA_CalcBaseAndBitshift
                0x000000000800539c       0xf4 ../../libDaisy//build/libdaisy.a(stm32h7xx_hal_dma.o)
 .text.DMA_CalcDMAMUXChannelBaseAndMask
                0x0000000008005490       0xd8 ../../libDaisy//build/libdaisy.a(stm32h7xx_hal_dma.o)
 .text.HAL_DMA_Init
                0x0000000008005568      0x37c ../../libDaisy//build/libdaisy.a(stm32h7xx_hal_dma.o)
                0x0000000008005568                HAL_DMA_Init
 .text.HAL_DMA_Start_IT
                0x00000000080058e4      0x240 ../../libDaisy//build/libdaisy.a(stm32h7xx_hal_dma.o)
                0x00000000080058e4                HAL_DMA_Start_IT
 .text.HAL_DMA_Abort_IT
                0x0000000008005b24      0x134 ../../libDaisy//build/libdaisy.a(stm32h7xx_hal_dma.o)
                0x0000000008005b24                HAL_DMA_Abort_IT
 .text.HAL_DMA_IRQHandler
                0x0000000008005c58      0x6a0 ../../libDaisy//build/libdaisy.a(stm32h7xx_hal_dma.o)
                0x0000000008005c58                HAL_DMA_IRQHandler
 .text.HAL_DMA_GetError
                0x00000000080062f8        0x4 ../../libDaisy//build/libdaisy.a(stm32h7xx_hal_dma.o)
                0x00000000080062f8                HAL_DMA_GetError
 .text.HAL_GPIO_Init
                0x00000000080062fc      0x280 ../../libDaisy//build/libdaisy.a(stm32h7xx_hal_gpio.o)
                0x00000000080062fc                HAL_GPIO_Init
 .text.HAL_GPIO_DeInit
                0x000000000800657c      0x190 ../../libDaisy//build/libdaisy.a(stm32h7xx_hal_gpio.o)
                0x000000000800657c                HAL_GPIO_DeInit
 .text.HAL_GPIO_ReadPin
                0x000000000800670c        0xc ../../libDaisy//build/libdaisy.a(stm32h7xx_hal_gpio.o)
                0x000000000800670c                HAL_GPIO_ReadPin
 .text.HAL_GPIO_WritePin
                0x0000000008006718        0x8 ../../libDaisy//build/libdaisy.a(stm32h7xx_hal_gpio.o)
                0x0000000008006718                HAL_GPIO_WritePin
 .text.HAL_HCD_IRQHandler
                0x0000000008006720      0x780 ../../libDaisy//build/libdaisy.a(stm32h7xx_hal_hcd.o)
                0x0000000008006720                HAL_HCD_IRQHandler
 .text.HAL_HCD_Stop
                0x0000000008006ea0       0x28 ../../libDaisy//build/libdaisy.a(stm32h7xx_hal_hcd.o)
                0x0000000008006ea0                HAL_HCD_Stop
 .text.I2C_WaitOnTXISFlagUntilTimeout
                0x0000000008006ec8       0xb8 ../../libDaisy//build/libdaisy.a(stm32h7xx_hal_i2c.o)
 .text.I2C_WaitOnSTOPFlagUntilTimeout
                0x0000000008006f80       0xac ../../libDaisy//build/libdaisy.a(stm32h7xx_hal_i2c.o)
 .text.HAL_I2C_Init
                0x000000000800702c       0xac ../../libDaisy//build/libdaisy.a(stm32h7xx_hal_i2c.o)
                0x000000000800702c                HAL_I2C_Init
 .text.HAL_I2C_Master_Transmit
                0x00000000080070d8      0x1a8 ../../libDaisy//build/libdaisy.a(stm32h7xx_hal_i2c.o)
                0x00000000080070d8                HAL_I2C_Master_Transmit
 .text.HAL_I2C_Slave_Transmit
                0x0000000008007280      0x1c8 ../../libDaisy//build/libdaisy.a(stm32h7xx_hal_i2c.o)
                0x0000000008007280                HAL_I2C_Slave_Transmit
 .text.HAL_I2C_EV_IRQHandler
                0x0000000008007448       0x10 ../../libDaisy//build/libdaisy.a(stm32h7xx_hal_i2c.o)
                0x0000000008007448                HAL_I2C_EV_IRQHandler
 .text.HAL_I2C_GetState
                0x0000000008007458        0x8 ../../libDaisy//build/libdaisy.a(stm32h7xx_hal_i2c.o)
                0x0000000008007458                HAL_I2C_GetState
 .text.HAL_I2CEx_ConfigAnalogFilter
                0x0000000008007460       0x54 ../../libDaisy//build/libdaisy.a(stm32h7xx_hal_i2c_ex.o)
                0x0000000008007460                HAL_I2CEx_ConfigAnalogFilter
 .text.HAL_I2CEx_ConfigDigitalFilter
                0x00000000080074b4       0x58 ../../libDaisy//build/libdaisy.a(stm32h7xx_hal_i2c_ex.o)
                0x00000000080074b4                HAL_I2CEx_ConfigDigitalFilter
 .text.HAL_PCD_IRQHandler
                0x000000000800750c      0x69c ../../libDaisy//build/libdaisy.a(stm32h7xx_hal_pcd.o)
                0x000000000800750c                HAL_PCD_IRQHandler
 .text.HAL_PCD_SetAddress
                0x0000000008007ba8       0x2c ../../libDaisy//build/libdaisy.a(stm32h7xx_hal_pcd.o)
                0x0000000008007ba8                HAL_PCD_SetAddress
 .text.HAL_PCD_EP_Open
                0x0000000008007bd4       0x7c ../../libDaisy//build/libdaisy.a(stm32h7xx_hal_pcd.o)
                0x0000000008007bd4                HAL_PCD_EP_Open
 .text.HAL_PCD_EP_Receive
                0x0000000008007c50       0x50 ../../libDaisy//build/libdaisy.a(stm32h7xx_hal_pcd.o)
                0x0000000008007c50                HAL_PCD_EP_Receive
 .text.HAL_PCD_EP_Transmit
                0x0000000008007ca0       0x50 ../../libDaisy//build/libdaisy.a(stm32h7xx_hal_pcd.o)
                0x0000000008007ca0                HAL_PCD_EP_Transmit
 .text.HAL_PCD_EP_SetStall
                0x0000000008007cf0       0x88 ../../libDaisy//build/libdaisy.a(stm32h7xx_hal_pcd.o)
                0x0000000008007cf0                HAL_PCD_EP_SetStall
 .text.HAL_PCD_EP_ClrStall
                0x0000000008007d78       0x78 ../../libDaisy//build/libdaisy.a(stm32h7xx_hal_pcd.o)
                0x0000000008007d78                HAL_PCD_EP_ClrStall
 .text.HAL_PCDEx_LPM_Callback
                0x0000000008007df0        0x4 ../../libDaisy//build/libdaisy.a(stm32h7xx_hal_pcd_ex.o)
                0x0000000008007df0                HAL_PCDEx_LPM_Callback
 .text.HAL_PWREx_ConfigSupply
                0x0000000008007df4       0x4c ../../libDaisy//build/libdaisy.a(stm32h7xx_hal_pwr_ex.o)
                0x0000000008007df4                HAL_PWREx_ConfigSupply
 .text.HAL_PWREx_EnableUSBVoltageDetector
                0x0000000008007e40       0x10 ../../libDaisy//build/libdaisy.a(stm32h7xx_hal_pwr_ex.o)
                0x0000000008007e40                HAL_PWREx_EnableUSBVoltageDetector
 .text.QSPI_Config
                0x0000000008007e50      0x174 ../../libDaisy//build/libdaisy.a(stm32h7xx_hal_qspi.o)
 .text.HAL_QSPI_Init
                0x0000000008007fc4       0xd8 ../../libDaisy//build/libdaisy.a(stm32h7xx_hal_qspi.o)
                0x0000000008007fc4                HAL_QSPI_Init
 .text.HAL_QSPI_DeInit
                0x000000000800809c       0x3c ../../libDaisy//build/libdaisy.a(stm32h7xx_hal_qspi.o)
                0x000000000800809c                HAL_QSPI_DeInit
 .text.HAL_QSPI_Command
                0x00000000080080d8       0xd4 ../../libDaisy//build/libdaisy.a(stm32h7xx_hal_qspi.o)
                0x00000000080080d8                HAL_QSPI_Command
 .text.HAL_QSPI_Transmit
                0x00000000080081ac       0xfc ../../libDaisy//build/libdaisy.a(stm32h7xx_hal_qspi.o)
                0x00000000080081ac                HAL_QSPI_Transmit
 .text.HAL_QSPI_Receive
                0x00000000080082a8      0x108 ../../libDaisy//build/libdaisy.a(stm32h7xx_hal_qspi.o)
                0x00000000080082a8                HAL_QSPI_Receive
 .text.HAL_QSPI_AutoPolling
                0x00000000080083b0       0xf0 ../../libDaisy//build/libdaisy.a(stm32h7xx_hal_qspi.o)
                0x00000000080083b0                HAL_QSPI_AutoPolling
 .text.HAL_QSPI_MemoryMapped
                0x00000000080084a0       0xc0 ../../libDaisy//build/libdaisy.a(stm32h7xx_hal_qspi.o)
                0x00000000080084a0                HAL_QSPI_MemoryMapped
 .text.HAL_QSPI_ErrorCallback
                0x0000000008008560        0x4 ../../libDaisy//build/libdaisy.a(stm32h7xx_hal_qspi.o)
                0x0000000008008560                HAL_QSPI_ErrorCallback
 .text.QSPI_DMAAbortCplt
                0x0000000008008564       0x38 ../../libDaisy//build/libdaisy.a(stm32h7xx_hal_qspi.o)
 .text.HAL_QSPI_AbortCpltCallback
                0x000000000800859c        0x4 ../../libDaisy//build/libdaisy.a(stm32h7xx_hal_qspi.o)
                0x000000000800859c                HAL_QSPI_AbortCpltCallback
 .text.HAL_QSPI_CmdCpltCallback
                0x00000000080085a0        0x4 ../../libDaisy//build/libdaisy.a(stm32h7xx_hal_qspi.o)
                0x00000000080085a0                HAL_QSPI_CmdCpltCallback
 .text.HAL_QSPI_RxCpltCallback
                0x00000000080085a4        0x4 ../../libDaisy//build/libdaisy.a(stm32h7xx_hal_qspi.o)
                0x00000000080085a4                HAL_QSPI_RxCpltCallback
 .text.HAL_QSPI_TxCpltCallback
                0x00000000080085a8        0x4 ../../libDaisy//build/libdaisy.a(stm32h7xx_hal_qspi.o)
                0x00000000080085a8                HAL_QSPI_TxCpltCallback
 .text.HAL_QSPI_FifoThresholdCallback
                0x00000000080085ac        0x4 ../../libDaisy//build/libdaisy.a(stm32h7xx_hal_qspi.o)
                0x00000000080085ac                HAL_QSPI_FifoThresholdCallback
 .text.HAL_QSPI_StatusMatchCallback
                0x00000000080085b0        0x4 ../../libDaisy//build/libdaisy.a(stm32h7xx_hal_qspi.o)
                0x00000000080085b0                HAL_QSPI_StatusMatchCallback
 .text.HAL_QSPI_TimeOutCallback
                0x00000000080085b4        0x4 ../../libDaisy//build/libdaisy.a(stm32h7xx_hal_qspi.o)
                0x00000000080085b4                HAL_QSPI_TimeOutCallback
 .text.HAL_QSPI_IRQHandler
                0x00000000080085b8      0x210 ../../libDaisy//build/libdaisy.a(stm32h7xx_hal_qspi.o)
                0x00000000080085b8                HAL_QSPI_IRQHandler
 .text.HAL_RCC_OscConfig
                0x00000000080087c8      0x51c ../../libDaisy//build/libdaisy.a(stm32h7xx_hal_rcc.o)
                0x00000000080087c8                HAL_RCC_OscConfig
 .text.HAL_RCC_GetSysClockFreq
                0x0000000008008ce4      0x140 ../../libDaisy//build/libdaisy.a(stm32h7xx_hal_rcc.o)
                0x0000000008008ce4                HAL_RCC_GetSysClockFreq
 .text.HAL_RCC_ClockConfig
                0x0000000008008e24      0x234 ../../libDaisy//build/libdaisy.a(stm32h7xx_hal_rcc.o)
                0x0000000008008e24                HAL_RCC_ClockConfig
 .text.HAL_RCC_GetHCLKFreq
                0x0000000008009058       0x2c ../../libDaisy//build/libdaisy.a(stm32h7xx_hal_rcc.o)
                0x0000000008009058                HAL_RCC_GetHCLKFreq
 .text.HAL_RCC_GetPCLK1Freq
                0x0000000008009084       0x38 ../../libDaisy//build/libdaisy.a(stm32h7xx_hal_rcc.o)
                0x0000000008009084                HAL_RCC_GetPCLK1Freq
 .text.HAL_RCC_GetPCLK2Freq
                0x00000000080090bc       0x38 ../../libDaisy//build/libdaisy.a(stm32h7xx_hal_rcc.o)
                0x00000000080090bc                HAL_RCC_GetPCLK2Freq
 .text.RCCEx_PLL2_Config
                0x00000000080090f4       0xf4 ../../libDaisy//build/libdaisy.a(stm32h7xx_hal_rcc_ex.o)
 .text.RCCEx_PLL3_Config
                0x00000000080091e8       0xf4 ../../libDaisy//build/libdaisy.a(stm32h7xx_hal_rcc_ex.o)
 .text.HAL_RCCEx_PeriphCLKConfig
                0x00000000080092dc      0xa7c ../../libDaisy//build/libdaisy.a(stm32h7xx_hal_rcc_ex.o)
                0x00000000080092dc                HAL_RCCEx_PeriphCLKConfig
 .text.HAL_RCCEx_GetD3PCLK1Freq
                0x0000000008009d58       0x24 ../../libDaisy//build/libdaisy.a(stm32h7xx_hal_rcc_ex.o)
                0x0000000008009d58                HAL_RCCEx_GetD3PCLK1Freq
 .text.HAL_RCCEx_GetPLL2ClockFreq
                0x0000000008009d7c      0x17c ../../libDaisy//build/libdaisy.a(stm32h7xx_hal_rcc_ex.o)
                0x0000000008009d7c                HAL_RCCEx_GetPLL2ClockFreq
 .text.HAL_RCCEx_GetPLL3ClockFreq
                0x0000000008009ef8      0x17c ../../libDaisy//build/libdaisy.a(stm32h7xx_hal_rcc_ex.o)
                0x0000000008009ef8                HAL_RCCEx_GetPLL3ClockFreq
 .text.HAL_RCCEx_GetPLL1ClockFreq
                0x000000000800a074      0x17c ../../libDaisy//build/libdaisy.a(stm32h7xx_hal_rcc_ex.o)
                0x000000000800a074                HAL_RCCEx_GetPLL1ClockFreq
 .text.HAL_RCCEx_GetPeriphCLKFreq
                0x000000000800a1f0      0x198 ../../libDaisy//build/libdaisy.a(stm32h7xx_hal_rcc_ex.o)
                0x000000000800a1f0                HAL_RCCEx_GetPeriphCLKFreq
 .text.HAL_RCCEx_GetD1SysClockFreq
                0x000000000800a388       0x2c ../../libDaisy//build/libdaisy.a(stm32h7xx_hal_rcc_ex.o)
                0x000000000800a388                HAL_RCCEx_GetD1SysClockFreq
 .text.HAL_SAI_Init.part.0
                0x000000000800a3b4      0x348 ../../libDaisy//build/libdaisy.a(stm32h7xx_hal_sai.o)
 .text.HAL_SAI_InitProtocol
                0x000000000800a6fc      0x178 ../../libDaisy//build/libdaisy.a(stm32h7xx_hal_sai.o)
                0x000000000800a6fc                HAL_SAI_InitProtocol
 .text.HAL_SDRAM_Init
                0x000000000800a874       0x54 ../../libDaisy//build/libdaisy.a(stm32h7xx_hal_sdram.o)
                0x000000000800a874                HAL_SDRAM_Init
 .text.HAL_SDRAM_SendCommand
                0x000000000800a8c8       0x40 ../../libDaisy//build/libdaisy.a(stm32h7xx_hal_sdram.o)
                0x000000000800a8c8                HAL_SDRAM_SendCommand
 .text.HAL_SDRAM_ProgramRefreshRate
                0x000000000800a908       0x30 ../../libDaisy//build/libdaisy.a(stm32h7xx_hal_sdram.o)
                0x000000000800a908                HAL_SDRAM_ProgramRefreshRate
 .text.SPI_CloseTransfer
                0x000000000800a938       0xb8 ../../libDaisy//build/libdaisy.a(stm32h7xx_hal_spi.o)
 .text.HAL_SPI_Init
                0x000000000800a9f0      0x15c ../../libDaisy//build/libdaisy.a(stm32h7xx_hal_spi.o)
                0x000000000800a9f0                HAL_SPI_Init
 .text.HAL_SPI_Transmit
                0x000000000800ab4c      0x314 ../../libDaisy//build/libdaisy.a(stm32h7xx_hal_spi.o)
                0x000000000800ab4c                HAL_SPI_Transmit
 .text.HAL_SPI_Transmit_DMA
                0x000000000800ae60      0x170 ../../libDaisy//build/libdaisy.a(stm32h7xx_hal_spi.o)
                0x000000000800ae60                HAL_SPI_Transmit_DMA
 .text.HAL_SPI_TransmitReceive_DMA
                0x000000000800afd0      0x218 ../../libDaisy//build/libdaisy.a(stm32h7xx_hal_spi.o)
                0x000000000800afd0                HAL_SPI_TransmitReceive_DMA
 .text.HAL_SPI_Receive_DMA
                0x000000000800b1e8      0x1b4 ../../libDaisy//build/libdaisy.a(stm32h7xx_hal_spi.o)
                0x000000000800b1e8                HAL_SPI_Receive_DMA
 .text.SPI_DMATransmitCplt
                0x000000000800b39c       0x28 ../../libDaisy//build/libdaisy.a(stm32h7xx_hal_spi.o)
 .text.SPI_DMAReceiveCplt
                0x000000000800b3c4       0x28 ../../libDaisy//build/libdaisy.a(stm32h7xx_hal_spi.o)
 .text.SPI_DMATransmitReceiveCplt
                0x000000000800b3ec       0x28 ../../libDaisy//build/libdaisy.a(stm32h7xx_hal_spi.o)
 .text.HAL_SPI_TxHalfCpltCallback
                0x000000000800b414        0x4 ../../libDaisy//build/libdaisy.a(stm32h7xx_hal_spi.o)
                0x000000000800b414                HAL_SPI_TxHalfCpltCallback
 .text.SPI_DMAHalfTransmitCplt
                0x000000000800b418        0xc ../../libDaisy//build/libdaisy.a(stm32h7xx_hal_spi.o)
 .text.HAL_SPI_RxHalfCpltCallback
                0x000000000800b424        0x4 ../../libDaisy//build/libdaisy.a(stm32h7xx_hal_spi.o)
                0x000000000800b424                HAL_SPI_RxHalfCpltCallback
 .text.SPI_DMAHalfReceiveCplt
                0x000000000800b428        0xc ../../libDaisy//build/libdaisy.a(stm32h7xx_hal_spi.o)
 .text.HAL_SPI_TxRxHalfCpltCallback
                0x000000000800b434        0x4 ../../libDaisy//build/libdaisy.a(stm32h7xx_hal_spi.o)
                0x000000000800b434                HAL_SPI_TxRxHalfCpltCallback
 .text.SPI_DMAHalfTransmitReceiveCplt
                0x000000000800b438        0xc ../../libDaisy//build/libdaisy.a(stm32h7xx_hal_spi.o)
 .text.SPI_DMAError
                0x000000000800b444       0xd8 ../../libDaisy//build/libdaisy.a(stm32h7xx_hal_spi.o)
 .text.HAL_SPI_IRQHandler
                0x000000000800b51c      0x23c ../../libDaisy//build/libdaisy.a(stm32h7xx_hal_spi.o)
                0x000000000800b51c                HAL_SPI_IRQHandler
 .text.SPI_DMAAbortOnError
                0x000000000800b758       0x1c ../../libDaisy//build/libdaisy.a(stm32h7xx_hal_spi.o)
 .text.HAL_SPI_GetState
                0x000000000800b774        0x8 ../../libDaisy//build/libdaisy.a(stm32h7xx_hal_spi.o)
                0x000000000800b774                HAL_SPI_GetState
 .text.FMC_SDRAM_Init
                0x000000000800b77c       0x7c ../../libDaisy//build/libdaisy.a(stm32h7xx_ll_fmc.o)
                0x000000000800b77c                FMC_SDRAM_Init
 .text.FMC_SDRAM_Timing_Init
                0x000000000800b7f8       0x98 ../../libDaisy//build/libdaisy.a(stm32h7xx_ll_fmc.o)
                0x000000000800b7f8                FMC_SDRAM_Timing_Init
 .text.FMC_SDRAM_SendCommand
                0x000000000800b890       0x28 ../../libDaisy//build/libdaisy.a(stm32h7xx_ll_fmc.o)
                0x000000000800b890                FMC_SDRAM_SendCommand
 .text.FMC_SDRAM_ProgramRefreshRate
                0x000000000800b8b8       0x1c ../../libDaisy//build/libdaisy.a(stm32h7xx_ll_fmc.o)
                0x000000000800b8b8                FMC_SDRAM_ProgramRefreshRate
 .text.USB_SetTurnaroundTime
                0x000000000800b8d4      0x104 ../../libDaisy//build/libdaisy.a(stm32h7xx_ll_usb.o)
                0x000000000800b8d4                USB_SetTurnaroundTime
 .text.USB_FlushTxFifo
                0x000000000800b9d8       0x34 ../../libDaisy//build/libdaisy.a(stm32h7xx_ll_usb.o)
                0x000000000800b9d8                USB_FlushTxFifo
 .text.USB_GetDevSpeed
                0x000000000800ba0c       0x24 ../../libDaisy//build/libdaisy.a(stm32h7xx_ll_usb.o)
                0x000000000800ba0c                USB_GetDevSpeed
 .text.USB_ActivateEndpoint
                0x000000000800ba30       0x90 ../../libDaisy//build/libdaisy.a(stm32h7xx_ll_usb.o)
                0x000000000800ba30                USB_ActivateEndpoint
 .text.USB_EPStartXfer
                0x000000000800bac0      0x230 ../../libDaisy//build/libdaisy.a(stm32h7xx_ll_usb.o)
                0x000000000800bac0                USB_EPStartXfer
 .text.USB_EP0StartXfer
                0x000000000800bcf0      0x174 ../../libDaisy//build/libdaisy.a(stm32h7xx_ll_usb.o)
                0x000000000800bcf0                USB_EP0StartXfer
 .text.USB_WritePacket
                0x000000000800be64       0x2c ../../libDaisy//build/libdaisy.a(stm32h7xx_ll_usb.o)
                0x000000000800be64                USB_WritePacket
 .text.USB_ReadPacket
                0x000000000800be90       0x20 ../../libDaisy//build/libdaisy.a(stm32h7xx_ll_usb.o)
                0x000000000800be90                USB_ReadPacket
 .text.USB_EPSetStall
                0x000000000800beb0       0x68 ../../libDaisy//build/libdaisy.a(stm32h7xx_ll_usb.o)
                0x000000000800beb0                USB_EPSetStall
 .text.USB_EPClearStall
                0x000000000800bf18       0x58 ../../libDaisy//build/libdaisy.a(stm32h7xx_ll_usb.o)
                0x000000000800bf18                USB_EPClearStall
 .text.USB_SetDevAddress
                0x000000000800bf70       0x24 ../../libDaisy//build/libdaisy.a(stm32h7xx_ll_usb.o)
                0x000000000800bf70                USB_SetDevAddress
 .text.USB_ReadInterrupts
                0x000000000800bf94       0x14 ../../libDaisy//build/libdaisy.a(stm32h7xx_ll_usb.o)
                0x000000000800bf94                USB_ReadInterrupts
 .text.USB_ReadDevAllOutEpInterrupt
                0x000000000800bfa8       0x1c ../../libDaisy//build/libdaisy.a(stm32h7xx_ll_usb.o)
                0x000000000800bfa8                USB_ReadDevAllOutEpInterrupt
 .text.USB_ReadDevAllInEpInterrupt
                0x000000000800bfc4       0x1c ../../libDaisy//build/libdaisy.a(stm32h7xx_ll_usb.o)
                0x000000000800bfc4                USB_ReadDevAllInEpInterrupt
 .text.USB_ReadDevOutEPInterrupt
                0x000000000800bfe0       0x1c ../../libDaisy//build/libdaisy.a(stm32h7xx_ll_usb.o)
                0x000000000800bfe0                USB_ReadDevOutEPInterrupt
 .text.USB_ReadDevInEPInterrupt
                0x000000000800bffc       0x38 ../../libDaisy//build/libdaisy.a(stm32h7xx_ll_usb.o)
                0x000000000800bffc                USB_ReadDevInEPInterrupt
 .text.USB_GetMode
                0x000000000800c034        0x8 ../../libDaisy//build/libdaisy.a(stm32h7xx_ll_usb.o)
                0x000000000800c034                USB_GetMode
 .text.USB_ActivateSetup
                0x000000000800c03c       0x38 ../../libDaisy//build/libdaisy.a(stm32h7xx_ll_usb.o)
                0x000000000800c03c                USB_ActivateSetup
 .text.USB_EP0_OutStart
                0x000000000800c074       0x58 ../../libDaisy//build/libdaisy.a(stm32h7xx_ll_usb.o)
                0x000000000800c074                USB_EP0_OutStart
 .text.USB_InitFSLSPClkSel
                0x000000000800c0cc       0x44 ../../libDaisy//build/libdaisy.a(stm32h7xx_ll_usb.o)
                0x000000000800c0cc                USB_InitFSLSPClkSel
 .text.USB_HC_ReadInterrupt
                0x000000000800c110        0x8 ../../libDaisy//build/libdaisy.a(stm32h7xx_ll_usb.o)
                0x000000000800c110                USB_HC_ReadInterrupt
 .text.USB_HC_Halt
                0x000000000800c118       0xc0 ../../libDaisy//build/libdaisy.a(stm32h7xx_ll_usb.o)
                0x000000000800c118                USB_HC_Halt
 .text.USB_StopHost
                0x000000000800c1d8      0x2ec ../../libDaisy//build/libdaisy.a(stm32h7xx_ll_usb.o)
                0x000000000800c1d8                USB_StopHost
 .text.USBD_SetClassConfig
                0x000000000800c4c4       0x14 ../../libDaisy//build/libdaisy.a(usbd_core.o)
                0x000000000800c4c4                USBD_SetClassConfig
 .text.USBD_ClrClassConfig
                0x000000000800c4d8       0x10 ../../libDaisy//build/libdaisy.a(usbd_core.o)
                0x000000000800c4d8                USBD_ClrClassConfig
 .text.USBD_LL_SetupStage
                0x000000000800c4e8       0x5c ../../libDaisy//build/libdaisy.a(usbd_core.o)
                0x000000000800c4e8                USBD_LL_SetupStage
 .text.USBD_LL_DataOutStage
                0x000000000800c544       0x7c ../../libDaisy//build/libdaisy.a(usbd_core.o)
                0x000000000800c544                USBD_LL_DataOutStage
 .text.USBD_LL_DataInStage
                0x000000000800c5c0       0xcc ../../libDaisy//build/libdaisy.a(usbd_core.o)
                0x000000000800c5c0                USBD_LL_DataInStage
 .text.USBD_LL_Reset
                0x000000000800c68c       0x50 ../../libDaisy//build/libdaisy.a(usbd_core.o)
                0x000000000800c68c                USBD_LL_Reset
 .text.USBD_LL_SetSpeed
                0x000000000800c6dc        0x8 ../../libDaisy//build/libdaisy.a(usbd_core.o)
                0x000000000800c6dc                USBD_LL_SetSpeed
 .text.USBD_LL_Suspend
                0x000000000800c6e4       0x14 ../../libDaisy//build/libdaisy.a(usbd_core.o)
                0x000000000800c6e4                USBD_LL_Suspend
 .text.USBD_LL_Resume
                0x000000000800c6f8       0x10 ../../libDaisy//build/libdaisy.a(usbd_core.o)
                0x000000000800c6f8                USBD_LL_Resume
 .text.USBD_LL_SOF
                0x000000000800c708       0x1c ../../libDaisy//build/libdaisy.a(usbd_core.o)
                0x000000000800c708                USBD_LL_SOF
 .text.USBD_LL_IsoINIncomplete
                0x000000000800c724        0x4 ../../libDaisy//build/libdaisy.a(usbd_core.o)
                0x000000000800c724                USBD_LL_IsoINIncomplete
 .text.USBD_LL_IsoOUTIncomplete
                0x000000000800c728        0x4 ../../libDaisy//build/libdaisy.a(usbd_core.o)
                0x000000000800c728                USBD_LL_IsoOUTIncomplete
 .text.USBD_LL_DevConnected
                0x000000000800c72c        0x4 ../../libDaisy//build/libdaisy.a(usbd_core.o)
                0x000000000800c72c                USBD_LL_DevConnected
 .text.USBD_LL_DevDisconnected
                0x000000000800c730       0x18 ../../libDaisy//build/libdaisy.a(usbd_core.o)
                0x000000000800c730                USBD_LL_DevDisconnected
 .text.USBD_StdDevReq
                0x000000000800c748      0x304 ../../libDaisy//build/libdaisy.a(usbd_ctlreq.o)
                0x000000000800c748                USBD_StdDevReq
 .text.USBD_StdItfReq
                0x000000000800ca4c       0x68 ../../libDaisy//build/libdaisy.a(usbd_ctlreq.o)
                0x000000000800ca4c                USBD_StdItfReq
 .text.USBD_StdEPReq
                0x000000000800cab4      0x13c ../../libDaisy//build/libdaisy.a(usbd_ctlreq.o)
                0x000000000800cab4                USBD_StdEPReq
 .text.USBD_ParseSetupRequest
                0x000000000800cbf0       0x28 ../../libDaisy//build/libdaisy.a(usbd_ctlreq.o)
                0x000000000800cbf0                USBD_ParseSetupRequest
 .text.USBD_CtlSendData
                0x000000000800cc18       0x1c ../../libDaisy//build/libdaisy.a(usbd_ioreq.o)
                0x000000000800cc18                USBD_CtlSendData
 .text.USBD_CtlContinueSendData
                0x000000000800cc34       0x14 ../../libDaisy//build/libdaisy.a(usbd_ioreq.o)
                0x000000000800cc34                USBD_CtlContinueSendData
 .text.USBD_CtlContinueRx
                0x000000000800cc48       0x14 ../../libDaisy//build/libdaisy.a(usbd_ioreq.o)
                0x000000000800cc48                USBD_CtlContinueRx
 .text.USBD_CtlSendStatus
                0x000000000800cc5c       0x18 ../../libDaisy//build/libdaisy.a(usbd_ioreq.o)
                0x000000000800cc5c                USBD_CtlSendStatus
 .text.USBD_CtlReceiveStatus
                0x000000000800cc74       0x18 ../../libDaisy//build/libdaisy.a(usbd_ioreq.o)
                0x000000000800cc74                USBD_CtlReceiveStatus
 .text.USBH_LL_IncTimer
                0x000000000800cc8c       0x20 ../../libDaisy//build/libdaisy.a(usbh_core.o)
                0x000000000800cc8c                USBH_LL_IncTimer
 .text.USBH_LL_PortEnabled
                0x000000000800ccac        0x8 ../../libDaisy//build/libdaisy.a(usbh_core.o)
                0x000000000800ccac                USBH_LL_PortEnabled
 .text.USBH_LL_PortDisabled
                0x000000000800ccb4        0x8 ../../libDaisy//build/libdaisy.a(usbh_core.o)
                0x000000000800ccb4                USBH_LL_PortDisabled
 .text.USBH_LL_Connect
                0x000000000800ccbc       0x18 ../../libDaisy//build/libdaisy.a(usbh_core.o)
                0x000000000800ccbc                USBH_LL_Connect
 .text.USBH_LL_Disconnect
                0x000000000800ccd4       0x2c ../../libDaisy//build/libdaisy.a(usbh_core.o)
                0x000000000800ccd4                USBH_LL_Disconnect
 .text.USBH_FreePipe
                0x000000000800cd00       0x18 ../../libDaisy//build/libdaisy.a(usbh_pipes.o)
                0x000000000800cd00                USBH_FreePipe
 .text._ZN5daisy6Random4InitEv
                0x000000000800cd18       0x3c ../../libDaisy//build/libdaisy.a(rng.o)
                0x000000000800cd18                daisy::Random::Init()
 .text.HAL_TIM_Base_MspInit
                0x000000000800cd54      0x1e0 ../../libDaisy//build/libdaisy.a(tim.o)
                0x000000000800cd54                HAL_TIM_Base_MspInit
 .text.HAL_TIM_PeriodElapsedCallback
                0x000000000800cf34       0x44 ../../libDaisy//build/libdaisy.a(tim.o)
                0x000000000800cf34                HAL_TIM_PeriodElapsedCallback
 .text.TIM2_IRQHandler
                0x000000000800cf78        0xc ../../libDaisy//build/libdaisy.a(tim.o)
                0x000000000800cf78                TIM2_IRQHandler
 .text.TIM3_IRQHandler
                0x000000000800cf84        0xc ../../libDaisy//build/libdaisy.a(tim.o)
                0x000000000800cf84                TIM3_IRQHandler
 .text.TIM4_IRQHandler
                0x000000000800cf90        0xc ../../libDaisy//build/libdaisy.a(tim.o)
                0x000000000800cf90                TIM4_IRQHandler
 .text.TIM5_IRQHandler
                0x000000000800cf9c        0xc ../../libDaisy//build/libdaisy.a(tim.o)
                0x000000000800cf9c                TIM5_IRQHandler
 .text._ZN5daisy11TimerHandle4InitERKNS0_6ConfigE
                0x000000000800cfa8       0xd0 ../../libDaisy//build/libdaisy.a(tim.o)
                0x000000000800cfa8                daisy::TimerHandle::Init(daisy::TimerHandle::Config const&)
 .text._ZN5daisy11TimerHandle5StartEv
                0x000000000800d078       0x24 ../../libDaisy//build/libdaisy.a(tim.o)
                0x000000000800d078                daisy::TimerHandle::Start()
 .text.startup._GLOBAL__sub_I__ZN5daisy11TimerHandle4Impl4InitERKNS0_6ConfigE
                0x000000000800d09c       0x38 ../../libDaisy//build/libdaisy.a(tim.o)
 .text._ZN5daisy11UartHandler4Impl7InitDmaEbb
                0x000000000800d0d4      0x164 ../../libDaisy//build/libdaisy.a(uart.o)
                0x000000000800d0d4                daisy::UartHandler::Impl::InitDma(bool, bool)
 .text._ZN5daisy11UartHandler4Impl10HandleFifoEv
                0x000000000800d238       0xec ../../libDaisy//build/libdaisy.a(uart.o)
                0x000000000800d238                daisy::UartHandler::Impl::HandleFifo()
 .text._ZN5daisy11UartHandler4Impl10StartDmaTxEPhjPFvPvEPFvS3_NS0_6ResultEES3_
                0x000000000800d324       0xcc ../../libDaisy//build/libdaisy.a(uart.o)
                0x000000000800d324                daisy::UartHandler::Impl::StartDmaTx(unsigned char*, unsigned int, void (*)(void*), void (*)(void*, daisy::UartHandler::Result), void*)
 .text._ZN5daisy11UartHandler4Impl10StartDmaRxEPhjPFvPvEPFvS3_NS0_6ResultEES3_
                0x000000000800d3f0       0xcc ../../libDaisy//build/libdaisy.a(uart.o)
                0x000000000800d3f0                daisy::UartHandler::Impl::StartDmaRx(unsigned char*, unsigned int, void (*)(void*), void (*)(void*, daisy::UartHandler::Result), void*)
 .text._ZN5daisy11UartHandler4Impl19DmaTransferFinishedEP20__UART_HandleTypeDefNS0_6ResultE
                0x000000000800d4bc       0xc0 ../../libDaisy//build/libdaisy.a(uart.o)
                0x000000000800d4bc                daisy::UartHandler::Impl::DmaTransferFinished(__UART_HandleTypeDef*, daisy::UartHandler::Result)
 .text._ZN5daisy11UartHandler4Impl8InitPinsEv
                0x000000000800d57c      0x150 ../../libDaisy//build/libdaisy.a(uart.o)
                0x000000000800d57c                daisy::UartHandler::Impl::InitPins()
 .text.HAL_UART_MspInit
                0x000000000800d6cc      0x210 ../../libDaisy//build/libdaisy.a(uart.o)
                0x000000000800d6cc                HAL_UART_MspInit
 .text.dsy_uart_global_init
                0x000000000800d8dc       0xfc ../../libDaisy//build/libdaisy.a(uart.o)
                0x000000000800d8dc                dsy_uart_global_init
 .text.USART1_IRQHandler
                0x000000000800d9d8       0x30 ../../libDaisy//build/libdaisy.a(uart.o)
                0x000000000800d9d8                USART1_IRQHandler
 .text.USART2_IRQHandler
                0x000000000800da08       0x34 ../../libDaisy//build/libdaisy.a(uart.o)
                0x000000000800da08                USART2_IRQHandler
 .text.USART3_IRQHandler
                0x000000000800da3c       0x34 ../../libDaisy//build/libdaisy.a(uart.o)
                0x000000000800da3c                USART3_IRQHandler
 .text.UART4_IRQHandler
                0x000000000800da70       0x34 ../../libDaisy//build/libdaisy.a(uart.o)
                0x000000000800da70                UART4_IRQHandler
 .text.UART5_IRQHandler
                0x000000000800daa4       0x34 ../../libDaisy//build/libdaisy.a(uart.o)
                0x000000000800daa4                UART5_IRQHandler
 .text.USART6_IRQHandler
                0x000000000800dad8       0x34 ../../libDaisy//build/libdaisy.a(uart.o)
                0x000000000800dad8                USART6_IRQHandler
 .text.UART7_IRQHandler
                0x000000000800db0c       0x30 ../../libDaisy//build/libdaisy.a(uart.o)
                0x000000000800db0c                UART7_IRQHandler
 .text.UART8_IRQHandler
                0x000000000800db3c       0x34 ../../libDaisy//build/libdaisy.a(uart.o)
                0x000000000800db3c                UART8_IRQHandler
 .text.LPUART1_IRQHandler
                0x000000000800db70       0x34 ../../libDaisy//build/libdaisy.a(uart.o)
                0x000000000800db70                LPUART1_IRQHandler
 .text.DMA1_Stream5_IRQHandler
                0x000000000800dba4       0x34 ../../libDaisy//build/libdaisy.a(uart.o)
                0x000000000800dba4                DMA1_Stream5_IRQHandler
 .text.DMA2_Stream4_IRQHandler
                0x000000000800dbd8       0x34 ../../libDaisy//build/libdaisy.a(uart.o)
                0x000000000800dbd8                DMA2_Stream4_IRQHandler
 .text.HAL_UART_TxCpltCallback
                0x000000000800dc0c        0x8 ../../libDaisy//build/libdaisy.a(uart.o)
                0x000000000800dc0c                HAL_UART_TxCpltCallback
 .text.HAL_UART_RxCpltCallback
                0x000000000800dc14        0x8 ../../libDaisy//build/libdaisy.a(uart.o)
                0x000000000800dc14                HAL_UART_RxCpltCallback
 .text.HAL_UART_ErrorCallback
                0x000000000800dc1c        0x8 ../../libDaisy//build/libdaisy.a(uart.o)
                0x000000000800dc1c                HAL_UART_ErrorCallback
 .text.startup._GLOBAL__sub_I__Z19MapInstanceToHandleP13USART_TypeDef
                0x000000000800dc24      0x190 ../../libDaisy//build/libdaisy.a(uart.o)
 .text.dsy_dma_init
                0x000000000800ddb4      0x100 ../../libDaisy//build/libdaisy.a(dma.o)
                0x000000000800ddb4                dsy_dma_init
 .text.HAL_MDMA_Abort_IT
                0x000000000800deb4       0x2c ../../libDaisy//build/libdaisy.a(stm32h7xx_hal_mdma.o)
                0x000000000800deb4                HAL_MDMA_Abort_IT
 .text.HAL_TIM_Base_Init
                0x000000000800dee0      0x140 ../../libDaisy//build/libdaisy.a(stm32h7xx_hal_tim.o)
                0x000000000800dee0                HAL_TIM_Base_Init
 .text.HAL_TIM_Base_Start
                0x000000000800e020       0x34 ../../libDaisy//build/libdaisy.a(stm32h7xx_hal_tim.o)
                0x000000000800e020                HAL_TIM_Base_Start
 .text.HAL_TIM_Base_Start_IT
                0x000000000800e054       0x2c ../../libDaisy//build/libdaisy.a(stm32h7xx_hal_tim.o)
                0x000000000800e054                HAL_TIM_Base_Start_IT
 .text.HAL_TIM_ConfigClockSource
                0x000000000800e080      0x17c ../../libDaisy//build/libdaisy.a(stm32h7xx_hal_tim.o)
                0x000000000800e080                HAL_TIM_ConfigClockSource
 .text.HAL_TIM_OC_DelayElapsedCallback
                0x000000000800e1fc        0x4 ../../libDaisy//build/libdaisy.a(stm32h7xx_hal_tim.o)
                0x000000000800e1fc                HAL_TIM_OC_DelayElapsedCallback
 .text.HAL_TIM_IC_CaptureCallback
                0x000000000800e200        0x4 ../../libDaisy//build/libdaisy.a(stm32h7xx_hal_tim.o)
                0x000000000800e200                HAL_TIM_IC_CaptureCallback
 .text.HAL_TIM_PWM_PulseFinishedCallback
                0x000000000800e204        0x4 ../../libDaisy//build/libdaisy.a(stm32h7xx_hal_tim.o)
                0x000000000800e204                HAL_TIM_PWM_PulseFinishedCallback
 .text.HAL_TIM_TriggerCallback
                0x000000000800e208        0x4 ../../libDaisy//build/libdaisy.a(stm32h7xx_hal_tim.o)
                0x000000000800e208                HAL_TIM_TriggerCallback
 .text.HAL_TIM_IRQHandler
                0x000000000800e20c      0x170 ../../libDaisy//build/libdaisy.a(stm32h7xx_hal_tim.o)
                0x000000000800e20c                HAL_TIM_IRQHandler
 .text.HAL_TIMEx_MasterConfigSynchronization
                0x000000000800e37c       0x64 ../../libDaisy//build/libdaisy.a(stm32h7xx_hal_tim_ex.o)
                0x000000000800e37c                HAL_TIMEx_MasterConfigSynchronization
 .text.HAL_TIMEx_CommutCallback
                0x000000000800e3e0        0x4 ../../libDaisy//build/libdaisy.a(stm32h7xx_hal_tim_ex.o)
                0x000000000800e3e0                HAL_TIMEx_CommutCallback
 .text.HAL_TIMEx_BreakCallback
                0x000000000800e3e4        0x4 ../../libDaisy//build/libdaisy.a(stm32h7xx_hal_tim_ex.o)
                0x000000000800e3e4                HAL_TIMEx_BreakCallback
 .text.HAL_TIMEx_Break2Callback
                0x000000000800e3e8        0x4 ../../libDaisy//build/libdaisy.a(stm32h7xx_hal_tim_ex.o)
                0x000000000800e3e8                HAL_TIMEx_Break2Callback
 .text.HAL_UART_Transmit_DMA
                0x000000000800e3ec       0xa4 ../../libDaisy//build/libdaisy.a(stm32h7xx_hal_uart.o)
                0x000000000800e3ec                HAL_UART_Transmit_DMA
 .text.HAL_UART_Receive_DMA
                0x000000000800e490       0xac ../../libDaisy//build/libdaisy.a(stm32h7xx_hal_uart.o)
                0x000000000800e490                HAL_UART_Receive_DMA
 .text.UART_DMATransmitCplt
                0x000000000800e53c       0x2c ../../libDaisy//build/libdaisy.a(stm32h7xx_hal_uart.o)
 .text.HAL_UART_TxHalfCpltCallback
                0x000000000800e568        0x4 ../../libDaisy//build/libdaisy.a(stm32h7xx_hal_uart.o)
                0x000000000800e568                HAL_UART_TxHalfCpltCallback
 .text.UART_DMATxHalfCplt
                0x000000000800e56c        0xc ../../libDaisy//build/libdaisy.a(stm32h7xx_hal_uart.o)
 .text.UART_DMAReceiveCplt
                0x000000000800e578       0x38 ../../libDaisy//build/libdaisy.a(stm32h7xx_hal_uart.o)
 .text.HAL_UART_RxHalfCpltCallback
                0x000000000800e5b0        0x4 ../../libDaisy//build/libdaisy.a(stm32h7xx_hal_uart.o)
                0x000000000800e5b0                HAL_UART_RxHalfCpltCallback
 .text.UART_DMARxHalfCplt
                0x000000000800e5b4        0xc ../../libDaisy//build/libdaisy.a(stm32h7xx_hal_uart.o)
 .text.UART_DMAError
                0x000000000800e5c0       0x78 ../../libDaisy//build/libdaisy.a(stm32h7xx_hal_uart.o)
 .text.HAL_UART_IRQHandler
                0x000000000800e638      0x1d0 ../../libDaisy//build/libdaisy.a(stm32h7xx_hal_uart.o)
                0x000000000800e638                HAL_UART_IRQHandler
 .text.UART_DMAAbortOnError
                0x000000000800e808       0x14 ../../libDaisy//build/libdaisy.a(stm32h7xx_hal_uart.o)
 .text.HAL_UART_GetState
                0x000000000800e81c        0xc ../../libDaisy//build/libdaisy.a(stm32h7xx_hal_uart.o)
                0x000000000800e81c                HAL_UART_GetState
 .text.UART_SetConfig
                0x000000000800e828     0x14b8 ../../libDaisy//build/libdaisy.a(stm32h7xx_hal_uart.o)
                0x000000000800e828                UART_SetConfig
 .text.UART_AdvFeatureConfig
                0x000000000800fce0       0xb0 ../../libDaisy//build/libdaisy.a(stm32h7xx_hal_uart.o)
                0x000000000800fce0                UART_AdvFeatureConfig
 .text.UART_CheckIdleState
                0x000000000800fd90       0x84 ../../libDaisy//build/libdaisy.a(stm32h7xx_hal_uart.o)
                0x000000000800fd90                UART_CheckIdleState
 .text.HAL_UART_Init
                0x000000000800fe14       0x68 ../../libDaisy//build/libdaisy.a(stm32h7xx_hal_uart.o)
                0x000000000800fe14                HAL_UART_Init
 .text.HAL_UARTEx_WakeupCallback
                0x000000000800fe7c        0x4 ../../libDaisy//build/libdaisy.a(stm32h7xx_hal_uart_ex.o)
                0x000000000800fe7c                HAL_UARTEx_WakeupCallback
 .text.HAL_UARTEx_RxFifoFullCallback
                0x000000000800fe80        0x4 ../../libDaisy//build/libdaisy.a(stm32h7xx_hal_uart_ex.o)
                0x000000000800fe80                HAL_UARTEx_RxFifoFullCallback
 .text.HAL_UARTEx_TxFifoEmptyCallback
                0x000000000800fe84        0x4 ../../libDaisy//build/libdaisy.a(stm32h7xx_hal_uart_ex.o)
                0x000000000800fe84                HAL_UARTEx_TxFifoEmptyCallback
 .text.__aeabi_atexit
                0x000000000800fe88        0xa /home/vinfernandes/Projects/daisy/gcc-arm/bin/../lib/gcc/arm-none-eabi/10.3.1/../../../../arm-none-eabi/lib/thumb/v7e-m+dp/hard/libstdc++_nano.a(atexit_arm.o)
                0x000000000800fe88                __aeabi_atexit
 .text._ZdlPvj  0x000000000800fe92        0x4 /home/vinfernandes/Projects/daisy/gcc-arm/bin/../lib/gcc/arm-none-eabi/10.3.1/../../../../arm-none-eabi/lib/thumb/v7e-m+dp/hard/libstdc++_nano.a(del_ops.o)
                0x000000000800fe92                operator delete(void*, unsigned int)
 .text._ZdlPv   0x000000000800fe96        0x4 /home/vinfernandes/Projects/daisy/gcc-arm/bin/../lib/gcc/arm-none-eabi/10.3.1/../../../../arm-none-eabi/lib/thumb/v7e-m+dp/hard/libstdc++_nano.a(del_op.o)
                0x000000000800fe96                operator delete(void*)
 *fill*         0x000000000800fe9a        0x6 
 .text.cosf     0x000000000800fea0      0x1bc /home/vinfernandes/Projects/daisy/gcc-arm/bin/../lib/gcc/arm-none-eabi/10.3.1/../../../../arm-none-eabi/lib/thumb/v7e-m+dp/hard/libm.a(lib_a-cosf.o)
                0x000000000800fea0                cosf
 .text.with_errnof
                0x000000000801005c       0x18 /home/vinfernandes/Projects/daisy/gcc-arm/bin/../lib/gcc/arm-none-eabi/10.3.1/../../../../arm-none-eabi/lib/thumb/v7e-m+dp/hard/libm.a(lib_a-math_errf.o)
 .text.__math_invalidf
                0x0000000008010074       0x20 /home/vinfernandes/Projects/daisy/gcc-arm/bin/../lib/gcc/arm-none-eabi/10.3.1/../../../../arm-none-eabi/lib/thumb/v7e-m+dp/hard/libm.a(lib_a-math_errf.o)
                0x0000000008010074                __math_invalidf
 *fill*         0x0000000008010094        0x4 
 .text.sinf     0x0000000008010098      0x20c /home/vinfernandes/Projects/daisy/gcc-arm/bin/../lib/gcc/arm-none-eabi/10.3.1/../../../../arm-none-eabi/lib/thumb/v7e-m+dp/hard/libm.a(lib_a-sinf.o)
                0x0000000008010098                sinf
 .text.__cxa_atexit
                0x00000000080102a4       0x1c /home/vinfernandes/Projects/daisy/gcc-arm/bin/../lib/gcc/arm-none-eabi/10.3.1/../../../../arm-none-eabi/lib/thumb/v7e-m+dp/hard/libc_nano.a(lib_a-cxa_atexit.o)
                0x00000000080102a4                __cxa_atexit
 .text.__errno  0x00000000080102c0        0xc /home/vinfernandes/Projects/daisy/gcc-arm/bin/../lib/gcc/arm-none-eabi/10.3.1/../../../../arm-none-eabi/lib/thumb/v7e-m+dp/hard/libc_nano.a(lib_a-errno.o)
                0x00000000080102c0                __errno
 .text.__libc_init_array
                0x00000000080102cc       0x48 /home/vinfernandes/Projects/daisy/gcc-arm/bin/../lib/gcc/arm-none-eabi/10.3.1/../../../../arm-none-eabi/lib/thumb/v7e-m+dp/hard/libc_nano.a(lib_a-init.o)
                0x00000000080102cc                __libc_init_array
 .text.free     0x0000000008010314       0x10 /home/vinfernandes/Projects/daisy/gcc-arm/bin/../lib/gcc/arm-none-eabi/10.3.1/../../../../arm-none-eabi/lib/thumb/v7e-m+dp/hard/libc_nano.a(lib_a-malloc.o)
                0x0000000008010314                free
 .text.memcpy   0x0000000008010324       0x1c /home/vinfernandes/Projects/daisy/gcc-arm/bin/../lib/gcc/arm-none-eabi/10.3.1/../../../../arm-none-eabi/lib/thumb/v7e-m+dp/hard/libc_nano.a(lib_a-memcpy-stub.o)
                0x0000000008010324                memcpy
 .text.memset   0x0000000008010340       0x10 /home/vinfernandes/Projects/daisy/gcc-arm/bin/../lib/gcc/arm-none-eabi/10.3.1/../../../../arm-none-eabi/lib/thumb/v7e-m+dp/hard/libc_nano.a(lib_a-memset.o)
                0x0000000008010340                memset
 .text._free_r  0x0000000008010350       0x98 /home/vinfernandes/Projects/daisy/gcc-arm/bin/../lib/gcc/arm-none-eabi/10.3.1/../../../../arm-none-eabi/lib/thumb/v7e-m+dp/hard/libc_nano.a(lib_a-nano-freer.o)
                0x0000000008010350                _free_r
 .text.__retarget_lock_acquire_recursive
                0x00000000080103e8        0x2 /home/vinfernandes/Projects/daisy/gcc-arm/bin/../lib/gcc/arm-none-eabi/10.3.1/../../../../arm-none-eabi/lib/thumb/v7e-m+dp/hard/libc_nano.a(lib_a-lock.o)
                0x00000000080103e8                __retarget_lock_acquire_recursive
 .text.__retarget_lock_release_recursive
                0x00000000080103ea        0x2 /home/vinfernandes/Projects/daisy/gcc-arm/bin/../lib/gcc/arm-none-eabi/10.3.1/../../../../arm-none-eabi/lib/thumb/v7e-m+dp/hard/libc_nano.a(lib_a-lock.o)
                0x00000000080103ea                __retarget_lock_release_recursive
 .text.__malloc_lock
                0x00000000080103ec        0xc /home/vinfernandes/Projects/daisy/gcc-arm/bin/../lib/gcc/arm-none-eabi/10.3.1/../../../../arm-none-eabi/lib/thumb/v7e-m+dp/hard/libc_nano.a(lib_a-mlock.o)
                0x00000000080103ec                __malloc_lock
 .text.__malloc_unlock
                0x00000000080103f8        0xc /home/vinfernandes/Projects/daisy/gcc-arm/bin/../lib/gcc/arm-none-eabi/10.3.1/../../../../arm-none-eabi/lib/thumb/v7e-m+dp/hard/libc_nano.a(lib_a-mlock.o)
                0x00000000080103f8                __malloc_unlock
 *(.rodata)
 .rodata        0x0000000008010404       0x10 ../../libDaisy//build/libdaisy.a(i2c.o)
 .rodata        0x0000000008010414       0x10 ../../libDaisy//build/libdaisy.a(tim.o)
 .rodata        0x0000000008010424       0x12 ../../libDaisy//build/libdaisy.a(uart.o)
 *(.rodata*)
 *fill*         0x0000000008010436        0x2 
 .rodata._ZTVN5daisy11OledDisplayINS_13SSD130xDriverILj128ELj64ENS_24SSD130x4WireSpiTransportEEEEE
                0x0000000008010438       0x3c build/Picologue.o
                0x0000000008010438                vtable for daisy::OledDisplay<daisy::SSD130xDriver<128u, 64u, daisy::SSD130x4WireSpiTransport> >
 .rodata._ZN4Menu8drawMenuEv.str1.4
                0x0000000008010474        0x6 build/Menu.o
 *fill*         0x000000000801047a        0x2 
 .rodata._ZL8seedgpio
                0x000000000801047c       0x3e ../../libDaisy//build/libdaisy.a(daisy_seed.o)
 *fill*         0x00000000080104ba        0x2 
 .rodata.CSWTCH.35
                0x00000000080104bc        0x3 ../../libDaisy//build/libdaisy.a(sai.o)
 *fill*         0x00000000080104bf        0x1 
 .rodata.CSWTCH.36
                0x00000000080104c0        0xc ../../libDaisy//build/libdaisy.a(sai.o)
 .rodata.CSWTCH.44
                0x00000000080104cc       0x14 ../../libDaisy//build/libdaisy.a(sai.o)
 .rodata.CSWTCH.80
                0x00000000080104e0       0x18 ../../libDaisy//build/libdaisy.a(spi.o)
 .rodata.CSWTCH.81
                0x00000000080104f8        0xc ../../libDaisy//build/libdaisy.a(spi.o)
 .rodata._ZL13pins_none_spi
                0x0000000008010504        0x3 ../../libDaisy//build/libdaisy.a(spi.o)
 *fill*         0x0000000008010507        0x1 
 .rodata._ZL16pins_periphs_spi
                0x0000000008010508       0x60 ../../libDaisy//build/libdaisy.a(spi.o)
 .rodata.D1CorePrescTable
                0x0000000008010568       0x10 ../../libDaisy//build/libdaisy.a(system_stm32h7xx.o)
                0x0000000008010568                D1CorePrescTable
 .rodata.CSWTCH.24
                0x0000000008010578        0x4 ../../libDaisy//build/libdaisy.a(usbd_conf.o)
 .rodata.CSWTCH.19
                0x000000000801057c        0x4 ../../libDaisy//build/libdaisy.a(usbh_conf.o)
 .rodata.gpio_hal_pin_map
                0x0000000008010580       0x20 ../../libDaisy//build/libdaisy.a(hal_map.o)
 .rodata.gpio_hal_port_map
                0x00000000080105a0       0x30 ../../libDaisy//build/libdaisy.a(hal_map.o)
 .rodata.Font7x10
                0x00000000080105d0      0x76c ../../libDaisy//build/libdaisy.a(oled_fonts.o)
 .rodata.flagBitshiftOffset.0
                0x0000000008010d3c        0x8 ../../libDaisy//build/libdaisy.a(stm32h7xx_hal_dma.o)
 .rodata.CSWTCH.418
                0x0000000008010d44       0x29 ../../libDaisy//build/libdaisy.a(stm32h7xx_hal_uart.o)
 *fill*         0x0000000008010d6d        0x3 
 .rodata.CSWTCH.419
                0x0000000008010d70        0x6 ../../libDaisy//build/libdaisy.a(stm32h7xx_hal_uart.o)
 *fill*         0x0000000008010d76        0x2 
 .rodata.CSWTCH.426
                0x0000000008010d78        0x6 ../../libDaisy//build/libdaisy.a(stm32h7xx_hal_uart.o)
 *fill*         0x0000000008010d7e        0x2 
 .rodata.__inv_pio4
                0x0000000008010d80       0x60 /home/vinfernandes/Projects/daisy/gcc-arm/bin/../lib/gcc/arm-none-eabi/10.3.1/../../../../arm-none-eabi/lib/thumb/v7e-m+dp/hard/libm.a(lib_a-sincosf_data.o)
                0x0000000008010d80                __inv_pio4
 .rodata.__sincosf_table
                0x0000000008010de0       0xe0 /home/vinfernandes/Projects/daisy/gcc-arm/bin/../lib/gcc/arm-none-eabi/10.3.1/../../../../arm-none-eabi/lib/thumb/v7e-m+dp/hard/libm.a(lib_a-sincosf_data.o)
                0x0000000008010de0                __sincosf_table
 .rodata.__sf_fake_stderr
                0x0000000008010ec0       0x20 /home/vinfernandes/Projects/daisy/gcc-arm/bin/../lib/gcc/arm-none-eabi/10.3.1/../../../../arm-none-eabi/lib/thumb/v7e-m+dp/hard/libc_nano.a(lib_a-findfp.o)
                0x0000000008010ec0                __sf_fake_stderr
 .rodata.__sf_fake_stdin
                0x0000000008010ee0       0x20 /home/vinfernandes/Projects/daisy/gcc-arm/bin/../lib/gcc/arm-none-eabi/10.3.1/../../../../arm-none-eabi/lib/thumb/v7e-m+dp/hard/libc_nano.a(lib_a-findfp.o)
                0x0000000008010ee0                __sf_fake_stdin